Microchip Technology Inc, v2.00 (B)

Tool Name:
  c:\program files\microchip\xc16\v2.00\bin\bin\..\bin/elf-ld.exe

Command:
  -TC:\\Users\\Julian\\AppData\\Local\\Temp\\tmp0000285c.00 \
  -TC:\\Users\\Julian\\AppData\\Local\\Temp\\tmp0000285c.01 \
  -TC:\\Users\\Julian\\AppData\\Local\\Temp\\tmp0000285c.02 \
  -TC:\\Users\\Julian\\AppData\\Local\\Temp\\tmp0000285c.03 \
  -TC:\\Users\\Julian\\AppData\\Local\\Temp\\tmp0000285c.04 \
  -p33FJ128GP802 \
  --mdfp=C:/Program Files/Microchip/MPLABX/v6.00/packs/Microchip/dsPIC33F-GP-MC_DFP/1.3.64/xc16 \
  -o \
  dist/default/debug/dht_22_FJ.X.debug.elf \
  -Lc:/program files/microchip/xc16/v2.00/bin/bin/.. \
  -LC:/Program Files/Microchip/MPLABX/v6.00/packs/Microchip/dsPIC33F-GP-MC_DFP/1.3.64/xc16/bin/../support/PIC24H/gld \
  -LC:/Program Files/Microchip/MPLABX/v6.00/packs/Microchip/dsPIC33F-GP-MC_DFP/1.3.64/xc16/bin/../support/dsPIC33F/gld \
  -Lc:/program files/microchip/xc16/v2.00/bin/bin/../../lib \
  -Lc:/program files/microchip/xc16/v2.00/bin/bin/../../support/PIC24E/gld \
  -Lc:/program files/microchip/xc16/v2.00/bin/bin/../../support/PIC24F/gld \
  -Lc:/program files/microchip/xc16/v2.00/bin/bin/../../support/PIC24H/gld \
  -Lc:/program files/microchip/xc16/v2.00/bin/bin/../../support/dsPIC30F/gld \
  -Lc:/program files/microchip/xc16/v2.00/bin/bin/../../support/dsPIC33C/gld \
  -Lc:/program files/microchip/xc16/v2.00/bin/bin/../../support/dsPIC33E/gld \
  -Lc:/program files/microchip/xc16/v2.00/bin/bin/../../support/dsPIC33F/gld \
  build/default/debug/main.o \
  build/default/debug/timer.o \
  build/default/debug/dht.o \
  build/default/debug/pll.o \
  build/default/debug/timerstart.o \
  build/default/debug/global_definitions.o \
  build/default/debug/PIC_init.o \
  build/default/debug/OLED.o \
  build/default/debug/i2c_routines.o \
  build/default/debug/uart.o \
  build/default/debug/uart_dsPIC.o \
  --defsym=__MPLAB_BUILD=1 \
  --defsym=__MPLAB_DEBUG=1 \
  --defsym=__DEBUG=1 \
  --defsym=__MPLAB_DEBUGGER_ICD4=1 \
  -Tp33FJ128GP802.gld.05 \
  --stack=16 \
  --check-sections \
  --data-init \
  --pack-data \
  --handles \
  --isr \
  --no-gc-sections \
  --fill-upper=0 \
  --stackguard=16 \
  --no-force-link \
  --smart-io \
  -Map=dist/default/debug/dht_22_FJ.X.debug.map \
  --report-mem \
  --memorysummary \
  dist/default/debug/memoryfile.xml \
  -start-group \
  --library=c99-pic30-elf \
  --library=m-elf \
  --library=c99-elf \
  -end-group \


Optional library libp33FJ128GP802.a not found
Archive member included because of file (symbol)

c:/program files/microchip/xc16/v2.00/bin/bin/../../lib\libc99-pic30-elf.a(crt0_standard.o)
                              (__resetPRI)
c:/program files/microchip/xc16/v2.00/bin/bin/../../lib\libc99-pic30-elf.a(data_init_standard.o)
                              c:/program files/microchip/xc16/v2.00/bin/bin/../../lib\libc99-pic30-elf.a(crt0_standard.o) (__data_init_standard)
c:/program files/microchip/xc16/v2.00/bin/bin/../../lib\libc99-pic30-elf.a(crt_start_mode_normal.Meo)
                              (__crt_start_mode_normal)
c:/program files/microchip/xc16/v2.00/bin/bin/../../lib\libc99-pic30-elf.a(delay32.Meo)
                              build/default/debug/main.o (___delay32)
c:/program files/microchip/xc16/v2.00/bin/bin/../../lib\libc99-pic30-elf.a(feqltle.XX_o)
                              build/default/debug/main.o (___ltsf2)
c:/program files/microchip/xc16/v2.00/bin/bin/../../lib\libc99-pic30-elf.a(fgtge.XX_o)
                              build/default/debug/main.o (___gtsf2)
c:/program files/microchip/xc16/v2.00/bin/bin/../../lib\libc99-pic30-elf.a(floatsisf.XX_o)
                              build/default/debug/main.o (___floatsisf)
c:/program files/microchip/xc16/v2.00/bin/bin/../../lib\libc99-pic30-elf.a(divsf3x.XX_o)
                              build/default/debug/main.o (___divsf3)
c:/program files/microchip/xc16/v2.00/bin/bin/../../lib\libc99-pic30-elf.a(typefx.XX_o)
                              c:/program files/microchip/xc16/v2.00/bin/bin/../../lib\libc99-pic30-elf.a(divsf3x.XX_o) (__typef)
c:/program files/microchip/xc16/v2.00/bin/bin/../../lib\libc99-pic30-elf.a(spackfx.XX_o)
                              c:/program files/microchip/xc16/v2.00/bin/bin/../../lib\libc99-pic30-elf.a(divsf3x.XX_o) (__spackf)
c:/program files/microchip/xc16/v2.00/bin/bin/../../lib\libc99-pic30-elf.a(unpackfx.XX_o)
                              c:/program files/microchip/xc16/v2.00/bin/bin/../../lib\libc99-pic30-elf.a(divsf3x.XX_o) (__unpackf)
c:/program files/microchip/xc16/v2.00/bin/bin/../../lib\libc99-pic30-elf.a(errno.XX_o)
                              c:/program files/microchip/xc16/v2.00/bin/bin/../../lib\libc99-pic30-elf.a(divsf3x.XX_o) (_errno)
c:/program files/microchip/xc16/v2.00/bin/bin/../../lib\libc99-pic30-elf.a(fcompare.XX_o)
                              c:/program files/microchip/xc16/v2.00/bin/bin/../../lib\libc99-pic30-elf.a(feqltle.XX_o) (__fcompare)
[...]
Memory Configuration

Name             Origin             Length             Attributes
data             0x000800           0x004000           a !xr
reset            0x000000           0x000004  
ivt              0x000004           0x0000fc  
_reserved        0x000100           0x000004  
aivt             0x000104           0x0000fc  
program          0x000200           0x015600           xr
FBS              0xf80000           0x000002  
FSS              0xf80002           0x000002  
FGS              0xf80004           0x000002  
FOSCSEL          0xf80006           0x000002  
FOSC             0xf80008           0x000002  
FWDT             0xf8000a           0x000002  
FPOR             0xf8000c           0x000002  
FICD             0xf8000e           0x000002  
FUID0            0xf80010           0x000002  
FUID1            0xf80012           0x000002  
FUID2            0xf80014           0x000002  
FUID3            0xf80016           0x000002  
*default*        0x000000           0xffffffff  

Linker script and memory map


reserve_data_0x800
                    0x0800         0x20
                    0x0820                  . = 0x20
 *fill*             0x0800         0x2000

reserve_data_0x820
                    0x0820          0x2
                    0x0822                  . = 0x2
 *fill*             0x0820          0x200

reserve_data_0x822
                    0x0822          0x2
                    0x0824                  . = 0x2
 *fill*             0x0822          0x200

reserve_data_0x824
                    0x0824          0x2
                    0x0826                  . = 0x2
 *fill*             0x0824          0x200

reserve_data_0x826
                    0x0826         0x2a
                    0x0850                  . = 0x2a
 *fill*             0x0826         0x2a00
LOAD build/default/debug/main.o
LOAD build/default/debug/timer.o
LOAD build/default/debug/dht.o
LOAD build/default/debug/pll.o
LOAD build/default/debug/timerstart.o
LOAD build/default/debug/global_definitions.o
LOAD build/default/debug/PIC_init.o
LOAD build/default/debug/OLED.o
LOAD build/default/debug/i2c_routines.o
LOAD build/default/debug/uart.o
LOAD build/default/debug/uart_dsPIC.o
                    0x0001                  __MPLAB_BUILD = 0x1
                    0x0001                  __MPLAB_DEBUG = 0x1
                    0x0001                  __DEBUG = 0x1
                    0x0001                  __MPLAB_DEBUGGER_ICD4 = 0x1
LOAD p33FJ128GP802
LOAD c:/program files/microchip/xc16/v2.00/bin/bin/../../lib\libfx-elf.a
                    0xf80000                  __FBS = 0xf80000
                    0xf80002                  __FSS = 0xf80002
                    0xf80004                  __FGS = 0xf80004
                    0xf80006                  __FOSCSEL = 0xf80006
                    0xf80008                  __FOSC = 0xf80008
                    0xf8000a                  __FWDT = 0xf8000a
                    0xf8000c                  __FPOR = 0xf8000c
                    0xf8000e                  __FICD = 0xf8000e
                    0xf80010                  __FUID0 = 0xf80010
                    0xf80012                  __FUID1 = 0xf80012
                    0xf80014                  __FUID2 = 0xf80014
                    0xf80016                  __FUID3 = 0xf80016
                    0x0200                  __CODE_BASE = 0x200
                    0x15600                  __CODE_LENGTH = 0x15600
                    0x0004                  __IVT_BASE = 0x4
                    0x0104                  __AIVT_BASE = 0x104
                    0x0800                  __DATA_BASE = 0x800
                    0x4000                  __DATA_LENGTH = 0x4000
                    0x2800                  __YDATA_BASE = 0x2800
                    0x4000                  __DMA_BASE = 0x4000
                    0x47ff                  __DMA_END = 0x47ff

.reset            0x000000          0x4
                  0x000000          0x2 SHORT 0x200 ABSOLUTE (__reset)
                  0x000001          0x2 SHORT 0x4
                  0x000002          0x2 SHORT 0x0 ((ABSOLUTE (__reset) >> 0x10) & 0x7f)
                  0x000003          0x2 SHORT 0x0

.text             0x000200       0x3794
 *(.init)
 .init            0x000200         0x4c c:/program files/microchip/xc16/v2.00/bin/bin/../../lib\libc99-pic30-elf.a(crt0_standard.o)
                  0x000200                  __resetPRI
                  0x000200                  __reset
                  0x00023c                  __psv_init
 .init            0x00024c         0x7c c:/program files/microchip/xc16/v2.00/bin/bin/../../lib\libc99-pic30-elf.a(data_init_standard.o)
                  0x000252                  __data_init_standard
                  0x000252                  __data_init
 *(.user_init)
 *(.handle)
 *(.isr*)
 .isr.text        0x0002c8         0x48 build/default/debug/uart_dsPIC.o
                  0x0002c8                  __U1RXInterrupt
                  0x0002ec                  __U1TXInterrupt
 .isr             0x000310          0x4 default_isr
                  0x000310                  __DefaultInterrupt
 *(.libc)
 *(.libm)
 *(.libdsp)
 *(.lib*)
 .libpic30_crt_start_mode
                  0x000314          0x2 c:/program files/microchip/xc16/v2.00/bin/bin/../../lib\libc99-pic30-elf.a(crt_start_mode_normal.Meo)
                  0x000314                  __crt_start_mode
                  0x000314                  __crt_start_mode_normal
 .libm.eqsf2      0x000316          0x4 c:/program files/microchip/xc16/v2.00/bin/bin/../../lib\libc99-pic30-elf.a(feqltle.XX_o)
                  0x000316                  ___eqsf2
                  0x000316                  ___ltsf2
                  0x000316                  ___lesf2
 .libm.gtsf2      0x00031a          0x4 c:/program files/microchip/xc16/v2.00/bin/bin/../../lib\libc99-pic30-elf.a(fgtge.XX_o)
                  0x00031a                  ___gesf2
                  0x00031a                  ___gtsf2
 .libm.floatsisf
                  0x00031e          0x6 c:/program files/microchip/xc16/v2.00/bin/bin/../../lib\libc99-pic30-elf.a(floatsisf.XX_o)
                  0x00031e                  ___floatsisf
 .libmx           0x000324        0x1be c:/program files/microchip/xc16/v2.00/bin/bin/../../lib\libc99-pic30-elf.a(divsf3x.XX_o)
                  0x000324                  ___divsf3x
                  0x000324                  ___divsf3
                  0x0004b6                  __sdivf
 .libmx           0x0004e2         0x34 c:/program files/microchip/xc16/v2.00/bin/bin/../../lib\libc99-pic30-elf.a(typefx.XX_o)
                  0x0004e2                  __typef
 .libmx           0x000516         0xa6 c:/program files/microchip/xc16/v2.00/bin/bin/../../lib\libc99-pic30-elf.a(spackfx.XX_o)
                  0x000516                  __spackf
 .libmx           0x0005bc         0x66 c:/program files/microchip/xc16/v2.00/bin/bin/../../lib\libc99-pic30-elf.a(unpackfx.XX_o)
                  0x0005bc                  __unpackf
 .libm.fcompare
                  0x000622         0x36 c:/program files/microchip/xc16/v2.00/bin/bin/../../lib\libc99-pic30-elf.a(fcompare.XX_o)
                  0x000622                  __fcompare
 .libm.floatdisf
                  0x000658         0x20 c:/program files/microchip/xc16/v2.00/bin/bin/../../lib\libc99-pic30-elf.a(floatdisf.XX_o)
                  0x000658                  ___floatdisf
 .libm.floatundisf
                  0x000678         0x5e c:/program files/microchip/xc16/v2.00/bin/bin/../../lib\libc99-pic30-elf.a(floatundisf.XX_o)
                  0x000678                  ___floatundisf
 .libm.fpack      0x0006d6         0x4c c:/program files/microchip/xc16/v2.00/bin/bin/../../lib\libc99-pic30-elf.a(fpack.XX_o)
                  0x0006d6                  __fpack
 .libm.funpack2
                  0x000722         0x10 c:/program files/microchip/xc16/v2.00/bin/bin/../../lib\libc99-pic30-elf.a(funpack2.XX_o)
                  0x000722                  __funpack2
 .libm.funpack    0x000732         0x2a c:/program files/microchip/xc16/v2.00/bin/bin/../../lib\libc99-pic30-elf.a(funpack.XX_o)
                  0x000732                  __funpack
 .libc.__wrap_snprintf
                  0x00075c          0xc c:/program files/microchip/xc16/v2.00/bin/bin/../../lib\libc99-elf.a(__sio_snprintf_f.XX_o)
                  0x00075c                  __snprintf_fFgG
                  0x00075c                  __snprintf_eEgG
                  0x00075c                  __dsnprintf_eEgG
                  0x00075c                  __snprintf_eEfFgG
                  0x00075c                  __snprintf_gG
                  0x00075c                  __dsnprintf_fFgG
                  0x00075c                  __dsnprintf_fF
                  0x00075c                  __dsnprintf_eEfFgG
                  0x00075c                  __dsnprintf_eEfF
                  0x00075c                  __snprintf_fF
                  0x00075c                  __snprintf_eEfF
                  0x00075c                  __snprintf_eE
                  0x00075c                  __dsnprintf_eE
                  0x00075c                  __dsnprintf_gG
 .libc.__sio_snprintf_f
                  0x000768          0x2 c:/program files/microchip/xc16/v2.00/bin/bin/../../lib\libc99-elf.a(__sio_snprintf_f.XX_o)
                  0x000768                  ___sio_snprintf_f
 .libc.__LONG_DOUBLE_BITS
                  0x00076a          0x2 c:/program files/microchip/xc16/v2.00/bin/bin/../../lib\libc99-elf.a(__fmt_fp.XX_o)
 .libc.__fmt_fp
                  0x00076c        0x544 c:/program files/microchip/xc16/v2.00/bin/bin/../../lib\libc99-elf.a(__fmt_fp.XX_o)
                  0x00076c                  ___fmt_f_needed
                  0x00076c                  ___fmt_fp
 .libc.__vsnprintf
                  0x000cb0         0x4a c:/program files/microchip/xc16/v2.00/bin/bin/../../lib\libc99-elf.a(__int_vsnprintf.XX_o)
                  0x000cb0                  ___vsnprintf
 .libc.__string_out
                  0x000cfa         0x28 c:/program files/microchip/xc16/v2.00/bin/bin/../../lib\libc99-elf.a(__printf_core.XX_o)
                  0x000cfa                  ___out
 .libc.__pad      0x000d22         0x74 c:/program files/microchip/xc16/v2.00/bin/bin/../../lib\libc99-elf.a(__printf_core.XX_o)
                  0x000d22                  ___pad
 .libc.__dummy_fmt3
                  0x000d96          0x2 c:/program files/microchip/xc16/v2.00/bin/bin/../../lib\libc99-elf.a(__printf_core.XX_o)
                  0x000d96                  ___fmt_u
                  0x000d96                  ___fmt_o
                  0x000d96                  ___fmt_d
 .libc.__dummy_fmt4
                  0x000d98          0x2 c:/program files/microchip/xc16/v2.00/bin/bin/../../lib\libc99-elf.a(__printf_core.XX_o)
                  0x000d98                  ___fmt_a
                  0x000d98                  ___fmt_x
 .libc.__dummy_fmts
                  0x000d9a          0x2 c:/program files/microchip/xc16/v2.00/bin/bin/../../lib\libc99-elf.a(__printf_core.XX_o)
                  0x000d9a                  ___fmt_s
 .libc.__fmt_state
                  0x000d9c         0x2c c:/program files/microchip/xc16/v2.00/bin/bin/../../lib\libc99-elf.a(__printf_core.XX_o)
                  0x000d9c                  ___fmt_state
 .libc.vfpfcnvrt.clone.0
                  0x000dc8        0x2c0 c:/program files/microchip/xc16/v2.00/bin/bin/../../lib\libc99-elf.a(__printf_core.XX_o)
 .libc.__printf_core
                  0x001088         0x40 c:/program files/microchip/xc16/v2.00/bin/bin/../../lib\libc99-elf.a(__printf_core.XX_o)
                  0x001088                  ___printf_core
 .libc.memcpy     0x0010c8          0xe c:/program files/microchip/xc16/v2.00/bin/bin/../../lib\libc99-elf.a(memcpy.XX_o)
                  0x0010c8                  _memcpy
 .libc.memset     0x0010d6         0xc6 c:/program files/microchip/xc16/v2.00/bin/bin/../../lib\libc99-elf.a(memset.XX_o)
                  0x0010d6                  _memset
 .libc.strlen     0x00119c         0x30 c:/program files/microchip/xc16/v2.00/bin/bin/../../lib\libc99-elf.a(strlen.XX_o)
                  0x00119c                  _strlen
 .libc.__vfprintf
                  0x0011cc         0x1c c:/program files/microchip/xc16/v2.00/bin/bin/../../lib\libc99-elf.a(__int_vfprintf.XX_o)
                  0x0011cc                  ___vfprintf
 .libc.atof       0x0011e8          0x4 c:/program files/microchip/xc16/v2.00/bin/bin/../../lib\libc99-elf.a(atof.XX_o)
                  0x0011e8                  _atof
 .libc.strtox     0x0011ec         0x58 c:/program files/microchip/xc16/v2.00/bin/bin/../../lib\libc99-elf.a(strtod.XX_o)
 .libc.strtof     0x001244          0x6 c:/program files/microchip/xc16/v2.00/bin/bin/../../lib\libc99-elf.a(strtod.XX_o)
                  0x001244                  ___strtof_l
                  0x001244                  _strtof
                  0x001244                  _strtof_l
 .libc.strtod     0x00124a          0x6 c:/program files/microchip/xc16/v2.00/bin/bin/../../lib\libc99-elf.a(strtod.XX_o)
                  0x00124a                  ___strtod_l
                  0x00124a                  _strtod
                  0x00124a                  _strtod_l
 .libc.strtold    0x001250          0x4 c:/program files/microchip/xc16/v2.00/bin/bin/../../lib\libc99-elf.a(strtod.XX_o)
                  0x001250                  _strtold_l
                  0x001250                  _strtold
                  0x001250                  ___strtold_l
 .libc.__isspace
                  0x001254         0x14 c:/program files/microchip/xc16/v2.00/bin/bin/../../lib\libc99-elf.a(floatscan.XX_o)
 .libc.scanexp    0x001268        0x17a c:/program files/microchip/xc16/v2.00/bin/bin/../../lib\libc99-elf.a(floatscan.XX_o)
 .libc.hexfloat
                  0x0013e2        0x534 c:/program files/microchip/xc16/v2.00/bin/bin/../../lib\libc99-elf.a(floatscan.XX_o)
 .libc.decfloat
                  0x001916        0x904 c:/program files/microchip/xc16/v2.00/bin/bin/../../lib\libc99-elf.a(floatscan.XX_o)
 .libc.__floatscan
                  0x00221a        0x22c c:/program files/microchip/xc16/v2.00/bin/bin/../../lib\libc99-elf.a(floatscan.XX_o)
                  0x00221a                  ___floatscan
 .libc.__shlim    0x002446         0x4a c:/program files/microchip/xc16/v2.00/bin/bin/../../lib\libc99-elf.a(shgetc.XX_o)
                  0x002446                  ___shlim
 .libc.__shgetc
                  0x002490        0x12a c:/program files/microchip/xc16/v2.00/bin/bin/../../lib\libc99-elf.a(shgetc.XX_o)
                  0x002490                  ___shgetc
 .libc.__uflow    0x0025ba         0x2a c:/program files/microchip/xc16/v2.00/bin/bin/../../lib\libc99-elf.a(__uflow.XX_o)
                  0x0025ba                  ___uflow
 .libc.__toread
                  0x0025e4         0x50 c:/program files/microchip/xc16/v2.00/bin/bin/../../lib\libc99-elf.a(__toread.XX_o)
                  0x0025e4                  ___toread
 .libc.__toread_needs_stdio_exit
                  0x002634          0x2 c:/program files/microchip/xc16/v2.00/bin/bin/../../lib\libc99-elf.a(__toread.XX_o)
                  0x002634                  ___toread_needs_stdio_exit
 .libc.__dummy    0x002636          0x2 c:/program files/microchip/xc16/v2.00/bin/bin/../../lib\libc99-elf.a(__stdio_exit.XX_o)
                  0x002636                  ___stdio_exit_ofl
 .libc.__dummy1
                  0x002638          0x2 c:/program files/microchip/xc16/v2.00/bin/bin/../../lib\libc99-elf.a(__stdio_exit.XX_o)
                  0x002638                  ___fclose
 .libc.__stdio_exit
                  0x00263a         0x14 c:/program files/microchip/xc16/v2.00/bin/bin/../../lib\libc99-elf.a(__stdio_exit.XX_o)
                  0x00263a                  ___stdio_exit_needed
                  0x00263a                  ___stdio_exit
 .libc.__isspace
                  0x00264e         0x14 c:/program files/microchip/xc16/v2.00/bin/bin/../../lib\libc99-elf.a(atoi.XX_o)
 .libc.atoi       0x002662         0x4c c:/program files/microchip/xc16/v2.00/bin/bin/../../lib\libc99-elf.a(atoi.XX_o)
                  0x002662                  _atoi
 .libc.strcpy     0x0026ae          0xe c:/program files/microchip/xc16/v2.00/bin/bin/../../lib\libc99-elf.a(strcpy.XX_o)
                  0x0026ae                  _strcpy
 .libc.tolower    0x0026bc          0xc c:/program files/microchip/xc16/v2.00/bin/bin/../../lib\libc99-elf.a(tolower.XX_o)
                  0x0026bc                  _tolower
 .libc.__tolower_l
                  0x0026c8          0x2 c:/program files/microchip/xc16/v2.00/bin/bin/../../lib\libc99-elf.a(tolower.XX_o)
                  0x0026c8                  ___tolower_l
                  0x0026c8                  _tolower_l
 .libc.__pop_float
                  0x0026ca         0x3e c:/program files/microchip/xc16/v2.00/bin/bin/../../lib\libc99-elf.a(__pop_float.XX_lo)
                  0x0026ca                  ___pop_float
                  0x0026ca                  ___pop_float_needed
 .libc.__pop_int
                  0x002708         0xb2 c:/program files/microchip/xc16/v2.00/bin/bin/../../lib\libc99-elf.a(__pop_int.XX_lo)
                  0x002708                  ___pop_int
                  0x002708                  ___pop_int_needed
 .libc.__pop_ptr
                  0x0027ba         0x74 c:/program files/microchip/xc16/v2.00/bin/bin/../../lib\libc99-elf.a(__pop_ptr.XX_lo)
                  0x0027ba                  ___pop_ptr_needed
                  0x0027ba                  ___pop_ptr
 .libc.__stpcpy
                  0x00282e         0x40 c:/program files/microchip/xc16/v2.00/bin/bin/../../lib\libc99-elf.a(stpcpy.XX_o)
                  0x00282e                  ___stpcpy
                  0x00282e                  _stpcpy
 .libm.eqdf2      0x00286e          0xa c:/program files/microchip/xc16/v2.00/bin/bin/../../lib\libc99-pic30-elf.a(deqltle.XX_o)
                  0x00286e                  ___eqdf2
                  0x00286e                  ___ltdf2
                  0x00286e                  ___ledf2
 .libm.gtdf2      0x002878          0xa c:/program files/microchip/xc16/v2.00/bin/bin/../../lib\libc99-pic30-elf.a(dgtge.XX_o)
                  0x002878                  ___gtdf2
                  0x002878                  ___gedf2
 .libm.divsi3     0x002882         0x1e c:/program files/microchip/xc16/v2.00/bin/bin/../../lib\libc99-pic30-elf.a(divsi3.XX_o)
                  0x002882                  ___divsi3
 .libm.nedf2      0x0028a0          0xa c:/program files/microchip/xc16/v2.00/bin/bin/../../lib\libc99-pic30-elf.a(dne.XX_o)
                  0x0028a0                  ___nedf2
 .libm.extendsfdf2
                  0x0028aa         0x3e c:/program files/microchip/xc16/v2.00/bin/bin/../../lib\libc99-pic30-elf.a(extendsfdf.XX_o)
                  0x0028aa                  ___extendsfdf2
 .libm.fixdfsi    0x0028e8         0x58 c:/program files/microchip/xc16/v2.00/bin/bin/../../lib\libc99-pic30-elf.a(fixdfsi.XX_o)
                  0x0028e8                  _(float, int, long long, double, float, short, int)
 .libm.floatsidf
                  0x002940          0x6 c:/program files/microchip/xc16/v2.00/bin/bin/../../lib\libc99-pic30-elf.a(floatsidf.XX_o)
                  0x002940                  ___floatsidf
 .libm.floatunsidf
                  0x002946          0x4 c:/program files/microchip/xc16/v2.00/bin/bin/../../lib\libc99-pic30-elf.a(floatunsidf.XX_o)
                  0x002946                  ___floatunsidf
 .libm.truncdfsf2
                  0x00294a         0x56 c:/program files/microchip/xc16/v2.00/bin/bin/../../lib\libc99-pic30-elf.a(truncdfsf.XX_o)
                  0x00294a                  ___truncdfsf2
 .libm.udivsi3    0x0029a0         0x20 c:/program files/microchip/xc16/v2.00/bin/bin/../../lib\libc99-pic30-elf.a(udivsi3.XX_o)
                  0x0029a0                  ___udivsi3
 .libm.umodsi3    0x0029c0          0x6 c:/program files/microchip/xc16/v2.00/bin/bin/../../lib\libc99-pic30-elf.a(umodsi3.XX_o)
                  0x0029c0                  ___umodsi3
 .libm.mulsi3     0x0029c6          0xc c:/program files/microchip/xc16/v2.00/bin/bin/../../lib\libc99-pic30-elf.a(mulsi3.XX_o)
                  0x0029c6                  ___mulp32peds3
                  0x0029c6                  ___mulsi3
                  0x0029c6                  ___mulp32eds3
 .lib_dpfops      0x0029d2         0xa2 c:/program files/microchip/xc16/v2.00/bin/bin/../../lib\libc99-pic30-elf.a(dpadd.XX_o)
                  0x0029d2                  ___subdf3
                  0x0029de                  ___adddf3
 .lib_dpfops      0x002a74        0x15e c:/program files/microchip/xc16/v2.00/bin/bin/../../lib\libc99-pic30-elf.a(dpdiv.XX_o)
                  0x002a74                  ___divdf3
 .lib_dpfops      0x002bd2        0x11a c:/program files/microchip/xc16/v2.00/bin/bin/../../lib\libc99-pic30-elf.a(dpmul.XX_o)
                  0x002bd2                  ___muldf3
 .lib_dpfops      0x002cec        0x128 c:/program files/microchip/xc16/v2.00/bin/bin/../../lib\libc99-pic30-elf.a(dpsubs.XX_o)
                  0x002d06                  __dxchg
                  0x002d14                  __drshft
                  0x002d6e                  __dupchk
                  0x002dd0                  __drndex
                  0x002dda                  __dnsrnd
                  0x002e06                  __dpakex
 .libmx           0x002e14        0x10c c:/program files/microchip/xc16/v2.00/bin/bin/../../lib\libc99-pic30-elf.a(mulsf3x.XX_o)
                  0x002e14                  ___mulsf3x
                  0x002e14                  ___mulsf3
 .libmx           0x002f20         0x54 c:/program files/microchip/xc16/v2.00/bin/bin/../../lib\libc99-pic30-elf.a(dnrmpackfx.XX_o)
                  0x002f20                  __dnrmpackf
 .libmx           0x002f74         0x5e c:/program files/microchip/xc16/v2.00/bin/bin/../../lib\libc99-pic30-elf.a(unpackdnrmfx.XX_o)
                  0x002f74                  __unpackdnrmf
 .libmx           0x002fd2         0x12 c:/program files/microchip/xc16/v2.00/bin/bin/../../lib\libc99-pic30-elf.a(propnanfx.XX_o)
                  0x002fd2                  __propnanf
 .libm.dcompare
                  0x002fe4         0x52 c:/program files/microchip/xc16/v2.00/bin/bin/../../lib\libc99-pic30-elf.a(dcompare.XX_o)
                  0x002fe4                  __dcompare
 .libm.dtype      0x003036         0x24 c:/program files/microchip/xc16/v2.00/bin/bin/../../lib\libc99-pic30-elf.a(dtype.XX_o)
                  0x003036                  __dtype
 .libm.dunpack    0x00305a         0x4e c:/program files/microchip/xc16/v2.00/bin/bin/../../lib\libc99-pic30-elf.a(dunpack.XX_o)
                  0x00305a                  __dunpack
 .libm.dunpack2
                  0x0030a8         0x32 c:/program files/microchip/xc16/v2.00/bin/bin/../../lib\libc99-pic30-elf.a(dunpack2.XX_o)
                  0x0030a8                  __dunpack2
                  0x0030ca                  __dreturnNaN
                  0x0030d0                  __dunpack2exit
 .libm.floatdidf
                  0x0030da         0x20 c:/program files/microchip/xc16/v2.00/bin/bin/../../lib\libc99-pic30-elf.a(floatdidf.XX_o)
                  0x0030da                  ___floatdidf
 .libm.floatundidf
                  0x0030fa         0x56 c:/program files/microchip/xc16/v2.00/bin/bin/../../lib\libc99-pic30-elf.a(floatundidf.XX_o)
                  0x0030fa                  ___floatundidf
 .libm.dpack      0x003150         0x58 c:/program files/microchip/xc16/v2.00/bin/bin/../../lib\libc99-pic30-elf.a(dpack.XX_o)
                  0x003150                  __dpack
 .libm.dPropagateNaN
                  0x0031a8         0x1c c:/program files/microchip/xc16/v2.00/bin/bin/../../lib\libc99-pic30-elf.a(dpropagateNaN.XX_o)
                  0x0031a8                  __dPropagateNaN
 .libm.__PplusBdi
                  0x0031c4         0x26 c:/program files/microchip/xc16/v2.00/bin/bin/../../lib\libc99-pic30-elf.a(divmoddi3.XX_o)
 .libm.__PminusBdi
                  0x0031ea         0x26 c:/program files/microchip/xc16/v2.00/bin/bin/../../lib\libc99-pic30-elf.a(divmoddi3.XX_o)
 .libm.__udivmoddi3
                  0x003210         0xf8 c:/program files/microchip/xc16/v2.00/bin/bin/../../lib\libc99-pic30-elf.a(divmoddi3.XX_o)
                  0x003210                  ___udivmoddi3
 .libm.__udivdi3
                  0x003308          0xe c:/program files/microchip/xc16/v2.00/bin/bin/../../lib\libc99-pic30-elf.a(divmoddi3.XX_o)
                  0x003308                  ___udivdi3
 .libm.__umoddi3
                  0x003316          0x8 c:/program files/microchip/xc16/v2.00/bin/bin/../../lib\libc99-pic30-elf.a(divmoddi3.XX_o)
                  0x003316                  ___umoddi3
 .libm.__divdi3
                  0x00331e         0x60 c:/program files/microchip/xc16/v2.00/bin/bin/../../lib\libc99-pic30-elf.a(divmoddi3.XX_o)
                  0x00331e                  ___divdi3
 .libm.__moddi3
                  0x00337e         0x5c c:/program files/microchip/xc16/v2.00/bin/bin/../../lib\libc99-pic30-elf.a(divmoddi3.XX_o)
                  0x00337e                  ___moddi3
 .libm.__muldi3
                  0x0033da         0x52 c:/program files/microchip/xc16/v2.00/bin/bin/../../lib\libc99-pic30-elf.a(muldi3.XX_o)
                  0x0033da                  ___muldi3
 .libm.umuldi3    0x00342c         0x44 c:/program files/microchip/xc16/v2.00/bin/bin/../../lib\libc99-pic30-elf.a(umuldi3.XX_o)
                  0x00342c                  ___umuldi3
 .libc.copysignl
                  0x003470         0x34 c:/program files/microchip/xc16/v2.00/bin/bin/../../lib\libm-elf.a(copysignl.XX_o)
                  0x003470                  _copysignl
 .libc.fabsl      0x0034a4         0x16 c:/program files/microchip/xc16/v2.00/bin/bin/../../lib\libm-elf.a(fabsl.XX_o)
                  0x0034a4                  _fabsl
 .libc.floorl     0x0034ba         0xf8 c:/program files/microchip/xc16/v2.00/bin/bin/../../lib\libm-elf.a(floorl.XX_o)
                  0x0034ba                  _floorl
 .libc.__LONG_DOUBLE_BITS
                  0x0035b2          0x2 c:/program files/microchip/xc16/v2.00/bin/bin/../../lib\libm-elf.a(fmodl.XX_o)
 .libc.fmodl      0x0035b4        0x32c c:/program files/microchip/xc16/v2.00/bin/bin/../../lib\libm-elf.a(fmodl.XX_o)
                  0x0035b4                  _fmodl
 .libc.scalbnf    0x0038e0         0x54 c:/program files/microchip/xc16/v2.00/bin/bin/../../lib\libm-elf.a(scalbnf.XX_o)
                  0x0038e0                  _scalbnf
 .libc.scalbnl    0x003934         0x60 c:/program files/microchip/xc16/v2.00/bin/bin/../../lib\libm-elf.a(scalbnl.XX_o)
                  0x003934                  _scalbnl

usercode
 *(usercode)

__FBS             0xf80000          0x2
 *(__FBS.sec*)
 __FBS.sec        0xf80000          0x2 /CW/_FBSÙê
                  0xf80000                  __FBS.sec

__FSS             0xf80002          0x2
 *(__FSS.sec*)
 __FSS.sec        0xf80002          0x2 /CW/_FSS hê
                  0xf80002                  __FSS.sec

__FGS             0xf80004          0x2
 *(__FGS.sec*)
 __FGS.sec        0xf80004          0x2 /CW/_FGSÀˆê
                  0xf80004                  __FGS.sec

__FOSCSEL
 *(__FOSCSEL.sec*)

__FOSC
 *(__FOSC.sec*)

__FWDT
 *(__FWDT.sec*)

__FPOR
 *(__FPOR.sec*)

__FICD
 *(__FICD.sec*)

__FUID0
 *(__FUID0.sec*)

__FUID1
 *(__FUID1.sec*)

__FUID2
 *(__FUID2.sec*)

__FUID3
 *(__FUID3.sec*)

.comment
 *(.comment)

.debug_info       0x000000       0x68c2
 *(.debug_info)
 .debug_info      0x000000        0xb22 build/default/debug/main.o
 .debug_info      0x000b22        0x78a build/default/debug/timer.o
 .debug_info      0x0012ac        0x6f6 build/default/debug/dht.o
 .debug_info      0x0019a2        0x654 build/default/debug/pll.o
 .debug_info      0x001ff6        0x797 build/default/debug/timerstart.o
 .debug_info      0x00278d        0x1a2 build/default/debug/global_definitions.o
 .debug_info      0x00292f        0x6bb build/default/debug/PIC_init.o
 .debug_info      0x002fea        0x713 build/default/debug/OLED.o
 .debug_info      0x0036fd        0x7db build/default/debug/i2c_routines.o
 .debug_info      0x003ed8        0x335 build/default/debug/uart.o
 .debug_info      0x00420d        0xe85 build/default/debug/uart_dsPIC.o
 .debug_info      0x005092         0x8d c:/program files/microchip/xc16/v2.00/bin/bin/../../lib\libc99-pic30-elf.a(feqltle.XX_o)
 .debug_info      0x00511f         0x8b c:/program files/microchip/xc16/v2.00/bin/bin/../../lib\libc99-pic30-elf.a(fgtge.XX_o)
 .debug_info      0x0051aa         0x8f c:/program files/microchip/xc16/v2.00/bin/bin/../../lib\libc99-pic30-elf.a(floatsisf.XX_o)
 .debug_info      0x005239         0x9d c:/program files/microchip/xc16/v2.00/bin/bin/../../lib\libc99-pic30-elf.a(divsf3x.XX_o)
 .debug_info      0x0052d6         0x9c c:/program files/microchip/xc16/v2.00/bin/bin/../../lib\libc99-pic30-elf.a(typefx.XX_o)
 .debug_info      0x005372         0x9d c:/program files/microchip/xc16/v2.00/bin/bin/../../lib\libc99-pic30-elf.a(spackfx.XX_o)
 .debug_info      0x00540f         0x9e c:/program files/microchip/xc16/v2.00/bin/bin/../../lib\libc99-pic30-elf.a(unpackfx.XX_o)
 .debug_info      0x0054ad         0x8e c:/program files/microchip/xc16/v2.00/bin/bin/../../lib\libc99-pic30-elf.a(fcompare.XX_o)
 .debug_info      0x00553b         0x8f c:/program files/microchip/xc16/v2.00/bin/bin/../../lib\libc99-pic30-elf.a(floatdisf.XX_o)
 .debug_info      0x0055ca         0x91 c:/program files/microchip/xc16/v2.00/bin/bin/../../lib\libc99-pic30-elf.a(floatundisf.XX_o)
 .debug_info      0x00565b         0x8b c:/program files/microchip/xc16/v2.00/bin/bin/../../lib\libc99-pic30-elf.a(fpack.XX_o)
 .debug_info      0x0056e6         0x8e c:/program files/microchip/xc16/v2.00/bin/bin/../../lib\libc99-pic30-elf.a(funpack2.XX_o)
 .debug_info      0x005774         0x8d c:/program files/microchip/xc16/v2.00/bin/bin/../../lib\libc99-pic30-elf.a(funpack.XX_o)
 .debug_info      0x005801         0x8d c:/program files/microchip/xc16/v2.00/bin/bin/../../lib\libc99-pic30-elf.a(deqltle.XX_o)
 .debug_info      0x00588e         0x8b c:/program files/microchip/xc16/v2.00/bin/bin/../../lib\libc99-pic30-elf.a(dgtge.XX_o)
 .debug_info      0x005919         0x8c c:/program files/microchip/xc16/v2.00/bin/bin/../../lib\libc99-pic30-elf.a(divsi3.XX_o)
 .debug_info      0x0059a5         0x89 c:/program files/microchip/xc16/v2.00/bin/bin/../../lib\libc99-pic30-elf.a(dne.XX_o)
 .debug_info      0x005a2e         0x90 c:/program files/microchip/xc16/v2.00/bin/bin/../../lib\libc99-pic30-elf.a(extendsfdf.XX_o)
 .debug_info      0x005abe         0x8d c:/program files/microchip/xc16/v2.00/bin/bin/../../lib\libc99-pic30-elf.a(fixdfsi.XX_o)
 .debug_info      0x005b4b         0x8f c:/program files/microchip/xc16/v2.00/bin/bin/../../lib\libc99-pic30-elf.a(floatsidf.XX_o)
 .debug_info      0x005bda         0x91 c:/program files/microchip/xc16/v2.00/bin/bin/../../lib\libc99-pic30-elf.a(floatunsidf.XX_o)
 .debug_info      0x005c6b         0x8f c:/program files/microchip/xc16/v2.00/bin/bin/../../lib\libc99-pic30-elf.a(truncdfsf.XX_o)
 .debug_info      0x005cfa         0x8d c:/program files/microchip/xc16/v2.00/bin/bin/../../lib\libc99-pic30-elf.a(udivsi3.XX_o)
 .debug_info      0x005d87         0x8d c:/program files/microchip/xc16/v2.00/bin/bin/../../lib\libc99-pic30-elf.a(umodsi3.XX_o)
 .debug_info      0x005e14         0x8c c:/program files/microchip/xc16/v2.00/bin/bin/../../lib\libc99-pic30-elf.a(mulsi3.XX_o)
 .debug_info      0x005ea0         0xa9 c:/program files/microchip/xc16/v2.00/bin/bin/../../lib\libc99-pic30-elf.a(dpadd.XX_o)
 .debug_info      0x005f49         0xa9 c:/program files/microchip/xc16/v2.00/bin/bin/../../lib\libc99-pic30-elf.a(dpdiv.XX_o)
 .debug_info      0x005ff2         0xa9 c:/program files/microchip/xc16/v2.00/bin/bin/../../lib\libc99-pic30-elf.a(dpmul.XX_o)
 .debug_info      0x00609b         0xaa c:/program files/microchip/xc16/v2.00/bin/bin/../../lib\libc99-pic30-elf.a(dpsubs.XX_o)
 .debug_info      0x006145         0x9d c:/program files/microchip/xc16/v2.00/bin/bin/../../lib\libc99-pic30-elf.a(mulsf3x.XX_o)
 .debug_info      0x0061e2         0xa0 c:/program files/microchip/xc16/v2.00/bin/bin/../../lib\libc99-pic30-elf.a(dnrmpackfx.XX_o)
 .debug_info      0x006282         0xa2 c:/program files/microchip/xc16/v2.00/bin/bin/../../lib\libc99-pic30-elf.a(unpackdnrmfx.XX_o)
 .debug_info      0x006324         0x9f c:/program files/microchip/xc16/v2.00/bin/bin/../../lib\libc99-pic30-elf.a(propnanfx.XX_o)
 .debug_info      0x0063c3         0x8e c:/program files/microchip/xc16/v2.00/bin/bin/../../lib\libc99-pic30-elf.a(dcompare.XX_o)
 .debug_info      0x006451         0x8b c:/program files/microchip/xc16/v2.00/bin/bin/../../lib\libc99-pic30-elf.a(dtype.XX_o)
 .debug_info      0x0064dc         0x8d c:/program files/microchip/xc16/v2.00/bin/bin/../../lib\libc99-pic30-elf.a(dunpack.XX_o)
 .debug_info      0x006569         0x8e c:/program files/microchip/xc16/v2.00/bin/bin/../../lib\libc99-pic30-elf.a(dunpack2.XX_o)
 .debug_info      0x0065f7         0x8f c:/program files/microchip/xc16/v2.00/bin/bin/../../lib\libc99-pic30-elf.a(floatdidf.XX_o)
 .debug_info      0x006686         0x91 c:/program files/microchip/xc16/v2.00/bin/bin/../../lib\libc99-pic30-elf.a(floatundidf.XX_o)
 .debug_info      0x006717         0x8b c:/program files/microchip/xc16/v2.00/bin/bin/../../lib\libc99-pic30-elf.a(dpack.XX_o)
 .debug_info      0x0067a2         0x93 c:/program files/microchip/xc16/v2.00/bin/bin/../../lib\libc99-pic30-elf.a(dpropagateNaN.XX_o)
 .debug_info      0x006835         0x8d c:/program files/microchip/xc16/v2.00/bin/bin/../../lib\libc99-pic30-elf.a(umuldi3.XX_o)
 *(.gnu.linkonce.wi.*)

.debug_abbrev     0x000000        0xcfc
 *(.debug_abbrev)
 .debug_abbrev    0x000000        0x10b build/default/debug/main.o
 .debug_abbrev    0x00010b         0xc5 build/default/debug/timer.o
 .debug_abbrev    0x0001d0        0x10c build/default/debug/dht.o
 .debug_abbrev    0x0002dc         0xb2 build/default/debug/pll.o
 .debug_abbrev    0x00038e         0xc5 build/default/debug/timerstart.o
 .debug_abbrev    0x000453         0x49 build/default/debug/global_definitions.o
 .debug_abbrev    0x00049c         0xc3 build/default/debug/PIC_init.o
 .debug_abbrev    0x00055f        0x160 build/default/debug/OLED.o
 .debug_abbrev    0x0006bf        0x114 build/default/debug/i2c_routines.o
 .debug_abbrev    0x0007d3         0xdd build/default/debug/uart.o
 .debug_abbrev    0x0008b0        0x104 build/default/debug/uart_dsPIC.o
 .debug_abbrev    0x0009b4         0x14 c:/program files/microchip/xc16/v2.00/bin/bin/../../lib\libc99-pic30-elf.a(feqltle.XX_o)
 .debug_abbrev    0x0009c8         0x14 c:/program files/microchip/xc16/v2.00/bin/bin/../../lib\libc99-pic30-elf.a(fgtge.XX_o)
 .debug_abbrev    0x0009dc         0x14 c:/program files/microchip/xc16/v2.00/bin/bin/../../lib\libc99-pic30-elf.a(floatsisf.XX_o)
 .debug_abbrev    0x0009f0         0x14 c:/program files/microchip/xc16/v2.00/bin/bin/../../lib\libc99-pic30-elf.a(divsf3x.XX_o)
 .debug_abbrev    0x000a04         0x14 c:/program files/microchip/xc16/v2.00/bin/bin/../../lib\libc99-pic30-elf.a(typefx.XX_o)
 .debug_abbrev    0x000a18         0x14 c:/program files/microchip/xc16/v2.00/bin/bin/../../lib\libc99-pic30-elf.a(spackfx.XX_o)
 .debug_abbrev    0x000a2c         0x14 c:/program files/microchip/xc16/v2.00/bin/bin/../../lib\libc99-pic30-elf.a(unpackfx.XX_o)
 .debug_abbrev    0x000a40         0x14 c:/program files/microchip/xc16/v2.00/bin/bin/../../lib\libc99-pic30-elf.a(fcompare.XX_o)
 .debug_abbrev    0x000a54         0x14 c:/program files/microchip/xc16/v2.00/bin/bin/../../lib\libc99-pic30-elf.a(floatdisf.XX_o)
 .debug_abbrev    0x000a68         0x14 c:/program files/microchip/xc16/v2.00/bin/bin/../../lib\libc99-pic30-elf.a(floatundisf.XX_o)
 .debug_abbrev    0x000a7c         0x14 c:/program files/microchip/xc16/v2.00/bin/bin/../../lib\libc99-pic30-elf.a(fpack.XX_o)
 .debug_abbrev    0x000a90         0x14 c:/program files/microchip/xc16/v2.00/bin/bin/../../lib\libc99-pic30-elf.a(funpack2.XX_o)
 .debug_abbrev    0x000aa4         0x14 c:/program files/microchip/xc16/v2.00/bin/bin/../../lib\libc99-pic30-elf.a(funpack.XX_o)
 .debug_abbrev    0x000ab8         0x14 c:/program files/microchip/xc16/v2.00/bin/bin/../../lib\libc99-pic30-elf.a(deqltle.XX_o)
 .debug_abbrev    0x000acc         0x14 c:/program files/microchip/xc16/v2.00/bin/bin/../../lib\libc99-pic30-elf.a(dgtge.XX_o)
 .debug_abbrev    0x000ae0         0x14 c:/program files/microchip/xc16/v2.00/bin/bin/../../lib\libc99-pic30-elf.a(divsi3.XX_o)
 .debug_abbrev    0x000af4         0x14 c:/program files/microchip/xc16/v2.00/bin/bin/../../lib\libc99-pic30-elf.a(dne.XX_o)
 .debug_abbrev    0x000b08         0x14 c:/program files/microchip/xc16/v2.00/bin/bin/../../lib\libc99-pic30-elf.a(extendsfdf.XX_o)
 .debug_abbrev    0x000b1c         0x14 c:/program files/microchip/xc16/v2.00/bin/bin/../../lib\libc99-pic30-elf.a(fixdfsi.XX_o)
 .debug_abbrev    0x000b30         0x14 c:/program files/microchip/xc16/v2.00/bin/bin/../../lib\libc99-pic30-elf.a(floatsidf.XX_o)
 .debug_abbrev    0x000b44         0x14 c:/program files/microchip/xc16/v2.00/bin/bin/../../lib\libc99-pic30-elf.a(floatunsidf.XX_o)
 .debug_abbrev    0x000b58         0x14 c:/program files/microchip/xc16/v2.00/bin/bin/../../lib\libc99-pic30-elf.a(truncdfsf.XX_o)
 .debug_abbrev    0x000b6c         0x14 c:/program files/microchip/xc16/v2.00/bin/bin/../../lib\libc99-pic30-elf.a(udivsi3.XX_o)
 .debug_abbrev    0x000b80         0x14 c:/program files/microchip/xc16/v2.00/bin/bin/../../lib\libc99-pic30-elf.a(umodsi3.XX_o)
 .debug_abbrev    0x000b94         0x14 c:/program files/microchip/xc16/v2.00/bin/bin/../../lib\libc99-pic30-elf.a(mulsi3.XX_o)
 .debug_abbrev    0x000ba8         0x14 c:/program files/microchip/xc16/v2.00/bin/bin/../../lib\libc99-pic30-elf.a(dpadd.XX_o)
 .debug_abbrev    0x000bbc         0x14 c:/program files/microchip/xc16/v2.00/bin/bin/../../lib\libc99-pic30-elf.a(dpdiv.XX_o)
 .debug_abbrev    0x000bd0         0x14 c:/program files/microchip/xc16/v2.00/bin/bin/../../lib\libc99-pic30-elf.a(dpmul.XX_o)
 .debug_abbrev    0x000be4         0x14 c:/program files/microchip/xc16/v2.00/bin/bin/../../lib\libc99-pic30-elf.a(dpsubs.XX_o)
 .debug_abbrev    0x000bf8         0x14 c:/program files/microchip/xc16/v2.00/bin/bin/../../lib\libc99-pic30-elf.a(mulsf3x.XX_o)
 .debug_abbrev    0x000c0c         0x14 c:/program files/microchip/xc16/v2.00/bin/bin/../../lib\libc99-pic30-elf.a(dnrmpackfx.XX_o)
 .debug_abbrev    0x000c20         0x14 c:/program files/microchip/xc16/v2.00/bin/bin/../../lib\libc99-pic30-elf.a(unpackdnrmfx.XX_o)
 .debug_abbrev    0x000c34         0x14 c:/program files/microchip/xc16/v2.00/bin/bin/../../lib\libc99-pic30-elf.a(propnanfx.XX_o)
 .debug_abbrev    0x000c48         0x14 c:/program files/microchip/xc16/v2.00/bin/bin/../../lib\libc99-pic30-elf.a(dcompare.XX_o)
 .debug_abbrev    0x000c5c         0x14 c:/program files/microchip/xc16/v2.00/bin/bin/../../lib\libc99-pic30-elf.a(dtype.XX_o)
 .debug_abbrev    0x000c70         0x14 c:/program files/microchip/xc16/v2.00/bin/bin/../../lib\libc99-pic30-elf.a(dunpack.XX_o)
 .debug_abbrev    0x000c84         0x14 c:/program files/microchip/xc16/v2.00/bin/bin/../../lib\libc99-pic30-elf.a(dunpack2.XX_o)
 .debug_abbrev    0x000c98         0x14 c:/program files/microchip/xc16/v2.00/bin/bin/../../lib\libc99-pic30-elf.a(floatdidf.XX_o)
 .debug_abbrev    0x000cac         0x14 c:/program files/microchip/xc16/v2.00/bin/bin/../../lib\libc99-pic30-elf.a(floatundidf.XX_o)
 .debug_abbrev    0x000cc0         0x14 c:/program files/microchip/xc16/v2.00/bin/bin/../../lib\libc99-pic30-elf.a(dpack.XX_o)
 .debug_abbrev    0x000cd4         0x14 c:/program files/microchip/xc16/v2.00/bin/bin/../../lib\libc99-pic30-elf.a(dpropagateNaN.XX_o)
 .debug_abbrev    0x000ce8         0x14 c:/program files/microchip/xc16/v2.00/bin/bin/../../lib\libc99-pic30-elf.a(umuldi3.XX_o)

.debug_line       0x000000       0x1d69
 *(.debug_line)
 .debug_line      0x000000        0x1e0 build/default/debug/main.o
 .debug_line      0x0001e0        0x112 build/default/debug/timer.o
 .debug_line      0x0002f2        0x17e build/default/debug/dht.o
 .debug_line      0x000470        0x10b build/default/debug/pll.o
 .debug_line      0x00057b        0x117 build/default/debug/timerstart.o
 .debug_line      0x000692         0x32 build/default/debug/global_definitions.o
 .debug_line      0x0006c4        0x115 build/default/debug/PIC_init.o
 .debug_line      0x0007d9        0x154 build/default/debug/OLED.o
 .debug_line      0x00092d        0x176 build/default/debug/i2c_routines.o
 .debug_line      0x000aa3         0x76 build/default/debug/uart.o
 .debug_line      0x000b19        0x16c build/default/debug/uart_dsPIC.o
 .debug_line      0x000c85         0x37 c:/program files/microchip/xc16/v2.00/bin/bin/../../lib\libc99-pic30-elf.a(feqltle.XX_o)
 .debug_line      0x000cbc         0x35 c:/program files/microchip/xc16/v2.00/bin/bin/../../lib\libc99-pic30-elf.a(fgtge.XX_o)
 .debug_line      0x000cf1         0x3a c:/program files/microchip/xc16/v2.00/bin/bin/../../lib\libc99-pic30-elf.a(floatsisf.XX_o)
 .debug_line      0x000d2b        0x124 c:/program files/microchip/xc16/v2.00/bin/bin/../../lib\libc99-pic30-elf.a(divsf3x.XX_o)
 .debug_line      0x000e4f         0x5e c:/program files/microchip/xc16/v2.00/bin/bin/../../lib\libc99-pic30-elf.a(typefx.XX_o)
 .debug_line      0x000ead         0x98 c:/program files/microchip/xc16/v2.00/bin/bin/../../lib\libc99-pic30-elf.a(spackfx.XX_o)
 .debug_line      0x000f45         0x79 c:/program files/microchip/xc16/v2.00/bin/bin/../../lib\libc99-pic30-elf.a(unpackfx.XX_o)
 .debug_line      0x000fbe         0x1a c:/program files/microchip/xc16/v2.00/bin/bin/../../lib\libc99-pic30-elf.a(errno.XX_o)
 .debug_line      0x000fd8         0x53 c:/program files/microchip/xc16/v2.00/bin/bin/../../lib\libc99-pic30-elf.a(fcompare.XX_o)
 .debug_line      0x00102b         0x47 c:/program files/microchip/xc16/v2.00/bin/bin/../../lib\libc99-pic30-elf.a(floatdisf.XX_o)
 .debug_line      0x001072         0x6c c:/program files/microchip/xc16/v2.00/bin/bin/../../lib\libc99-pic30-elf.a(floatundisf.XX_o)
 .debug_line      0x0010de         0x5a c:/program files/microchip/xc16/v2.00/bin/bin/../../lib\libc99-pic30-elf.a(fpack.XX_o)
 .debug_line      0x001138         0x3e c:/program files/microchip/xc16/v2.00/bin/bin/../../lib\libc99-pic30-elf.a(funpack2.XX_o)
 .debug_line      0x001176         0x4a c:/program files/microchip/xc16/v2.00/bin/bin/../../lib\libc99-pic30-elf.a(funpack.XX_o)
 .debug_line      0x0011c0         0x3a c:/program files/microchip/xc16/v2.00/bin/bin/../../lib\libc99-pic30-elf.a(deqltle.XX_o)
 .debug_line      0x0011fa         0x38 c:/program files/microchip/xc16/v2.00/bin/bin/../../lib\libc99-pic30-elf.a(dgtge.XX_o)
 .debug_line      0x001232         0x43 c:/program files/microchip/xc16/v2.00/bin/bin/../../lib\libc99-pic30-elf.a(divsi3.XX_o)
 .debug_line      0x001275         0x36 c:/program files/microchip/xc16/v2.00/bin/bin/../../lib\libc99-pic30-elf.a(dne.XX_o)
 .debug_line      0x0012ab         0x59 c:/program files/microchip/xc16/v2.00/bin/bin/../../lib\libc99-pic30-elf.a(extendsfdf.XX_o)
 .debug_line      0x001304         0x61 c:/program files/microchip/xc16/v2.00/bin/bin/../../lib\libc99-pic30-elf.a(fixdfsi.XX_o)
 .debug_line      0x001365         0x3a c:/program files/microchip/xc16/v2.00/bin/bin/../../lib\libc99-pic30-elf.a(floatsidf.XX_o)
 .debug_line      0x00139f         0x3b c:/program files/microchip/xc16/v2.00/bin/bin/../../lib\libc99-pic30-elf.a(floatunsidf.XX_o)
 .debug_line      0x0013da         0x66 c:/program files/microchip/xc16/v2.00/bin/bin/../../lib\libc99-pic30-elf.a(truncdfsf.XX_o)
 .debug_line      0x001440         0x45 c:/program files/microchip/xc16/v2.00/bin/bin/../../lib\libc99-pic30-elf.a(udivsi3.XX_o)
 .debug_line      0x001485         0x38 c:/program files/microchip/xc16/v2.00/bin/bin/../../lib\libc99-pic30-elf.a(umodsi3.XX_o)
 .debug_line      0x0014bd         0x3a c:/program files/microchip/xc16/v2.00/bin/bin/../../lib\libc99-pic30-elf.a(mulsi3.XX_o)
 .debug_line      0x0014f7         0xa2 c:/program files/microchip/xc16/v2.00/bin/bin/../../lib\libc99-pic30-elf.a(dpadd.XX_o)
 .debug_line      0x001599        0x100 c:/program files/microchip/xc16/v2.00/bin/bin/../../lib\libc99-pic30-elf.a(dpdiv.XX_o)
 .debug_line      0x001699         0xde c:/program files/microchip/xc16/v2.00/bin/bin/../../lib\libc99-pic30-elf.a(dpmul.XX_o)
 .debug_line      0x001777         0xe8 c:/program files/microchip/xc16/v2.00/bin/bin/../../lib\libc99-pic30-elf.a(dpsubs.XX_o)
 .debug_line      0x00185f         0xcc c:/program files/microchip/xc16/v2.00/bin/bin/../../lib\libc99-pic30-elf.a(mulsf3x.XX_o)
 .debug_line      0x00192b         0x72 c:/program files/microchip/xc16/v2.00/bin/bin/../../lib\libc99-pic30-elf.a(dnrmpackfx.XX_o)
 .debug_line      0x00199d         0x7a c:/program files/microchip/xc16/v2.00/bin/bin/../../lib\libc99-pic30-elf.a(unpackdnrmfx.XX_o)
 .debug_line      0x001a17         0x51 c:/program files/microchip/xc16/v2.00/bin/bin/../../lib\libc99-pic30-elf.a(propnanfx.XX_o)
 .debug_line      0x001a68         0x5f c:/program files/microchip/xc16/v2.00/bin/bin/../../lib\libc99-pic30-elf.a(dcompare.XX_o)
 .debug_line      0x001ac7         0x45 c:/program files/microchip/xc16/v2.00/bin/bin/../../lib\libc99-pic30-elf.a(dtype.XX_o)
 .debug_line      0x001b0c         0x5c c:/program files/microchip/xc16/v2.00/bin/bin/../../lib\libc99-pic30-elf.a(dunpack.XX_o)
 .debug_line      0x001b68         0x53 c:/program files/microchip/xc16/v2.00/bin/bin/../../lib\libc99-pic30-elf.a(dunpack2.XX_o)
 .debug_line      0x001bbb         0x47 c:/program files/microchip/xc16/v2.00/bin/bin/../../lib\libc99-pic30-elf.a(floatdidf.XX_o)
 .debug_line      0x001c02         0x68 c:/program files/microchip/xc16/v2.00/bin/bin/../../lib\libc99-pic30-elf.a(floatundidf.XX_o)
 .debug_line      0x001c6a         0x5f c:/program files/microchip/xc16/v2.00/bin/bin/../../lib\libc99-pic30-elf.a(dpack.XX_o)
 .debug_line      0x001cc9         0x49 c:/program files/microchip/xc16/v2.00/bin/bin/../../lib\libc99-pic30-elf.a(dpropagateNaN.XX_o)
 .debug_line      0x001d12         0x57 c:/program files/microchip/xc16/v2.00/bin/bin/../../lib\libc99-pic30-elf.a(umuldi3.XX_o)

.debug_frame      0x000000        0x74c
 *(.debug_frame)
 .debug_frame     0x000000        0x108 build/default/debug/main.o
 .debug_frame     0x000108         0x2e build/default/debug/timer.o
 .debug_frame     0x000136         0xb0 build/default/debug/dht.o
 .debug_frame     0x0001e6         0x2e build/default/debug/pll.o
 .debug_frame     0x000214         0x2e build/default/debug/timerstart.o
 .debug_frame     0x000242         0x48 build/default/debug/PIC_init.o
 .debug_frame     0x00028a        0x1b4 build/default/debug/OLED.o
 .debug_frame     0x00043e         0xb0 build/default/debug/i2c_routines.o
 .debug_frame     0x0004ee         0xca build/default/debug/uart.o
 .debug_frame     0x0005b8        0x194 build/default/debug/uart_dsPIC.o

.debug_str        0x000000        0x192
 *(.debug_str)
 .debug_str       0x000000         0x3c build/default/debug/main.o
 .debug_str       0x00003c         0x25 build/default/debug/timer.o
 .debug_str       0x000061         0x3d build/default/debug/dht.o
 .debug_str       0x00009e         0x21 build/default/debug/pll.o
 .debug_str       0x0000bf         0x25 build/default/debug/timerstart.o
 .debug_str       0x0000e4         0x2a build/default/debug/PIC_init.o
 .debug_str       0x00010e         0x13 build/default/debug/OLED.o
 .debug_str       0x000121         0x2a build/default/debug/i2c_routines.o
 .debug_str       0x00014b         0x47 build/default/debug/uart_dsPIC.o

.debug_loc
 *(.debug_loc)

.debug_macinfo
 *(.debug_macinfo)

.debug_pubnames
                  0x000000        0x550
 *(.debug_pubnames)
 .debug_pubnames
                  0x000000         0x96 build/default/debug/main.o
 .debug_pubnames
                  0x000096         0x1f build/default/debug/timer.o
 .debug_pubnames
                  0x0000b5         0x75 build/default/debug/dht.o
 .debug_pubnames
                  0x00012a         0x20 build/default/debug/pll.o
 .debug_pubnames
                  0x00014a         0x1f build/default/debug/timerstart.o
 .debug_pubnames
                  0x000169         0x81 build/default/debug/global_definitions.o
 .debug_pubnames
                  0x0001ea         0x37 build/default/debug/PIC_init.o
 .debug_pubnames
                  0x000221        0x157 build/default/debug/OLED.o
 .debug_pubnames
                  0x000378         0x67 build/default/debug/i2c_routines.o
 .debug_pubnames
                  0x0003df         0x99 build/default/debug/uart.o
 .debug_pubnames
                  0x000478         0xd8 build/default/debug/uart_dsPIC.o

.debug_ranges
 *(.debug_ranges)

.debug_aranges    0x000000        0x4e0
 *(.debug_aranges)
 .debug_aranges
                  0x000000         0x18 build/default/debug/main.o
 .debug_aranges
                  0x000018         0x18 build/default/debug/timer.o
 .debug_aranges
                  0x000030         0x18 build/default/debug/dht.o
 .debug_aranges
                  0x000048         0x18 build/default/debug/pll.o
 .debug_aranges
                  0x000060         0x18 build/default/debug/timerstart.o
 .debug_aranges
                  0x000078         0x18 build/default/debug/PIC_init.o
 .debug_aranges
                  0x000090         0x18 build/default/debug/OLED.o
 .debug_aranges
                  0x0000a8         0x18 build/default/debug/i2c_routines.o
 .debug_aranges
                  0x0000c0         0x18 build/default/debug/uart.o
 .debug_aranges
                  0x0000d8         0x18 build/default/debug/uart_dsPIC.o
 .debug_aranges
                  0x0000f0         0x18 c:/program files/microchip/xc16/v2.00/bin/bin/../../lib\libc99-pic30-elf.a(feqltle.XX_o)
 .debug_aranges
                  0x000108         0x18 c:/program files/microchip/xc16/v2.00/bin/bin/../../lib\libc99-pic30-elf.a(fgtge.XX_o)
 .debug_aranges
                  0x000120         0x18 c:/program files/microchip/xc16/v2.00/bin/bin/../../lib\libc99-pic30-elf.a(floatsisf.XX_o)
 .debug_aranges
                  0x000138         0x18 c:/program files/microchip/xc16/v2.00/bin/bin/../../lib\libc99-pic30-elf.a(divsf3x.XX_o)
 .debug_aranges
                  0x000150         0x18 c:/program files/microchip/xc16/v2.00/bin/bin/../../lib\libc99-pic30-elf.a(typefx.XX_o)
 .debug_aranges
                  0x000168         0x18 c:/program files/microchip/xc16/v2.00/bin/bin/../../lib\libc99-pic30-elf.a(spackfx.XX_o)
 .debug_aranges
                  0x000180         0x18 c:/program files/microchip/xc16/v2.00/bin/bin/../../lib\libc99-pic30-elf.a(unpackfx.XX_o)
 .debug_aranges
                  0x000198         0x18 c:/program files/microchip/xc16/v2.00/bin/bin/../../lib\libc99-pic30-elf.a(fcompare.XX_o)
 .debug_aranges
                  0x0001b0         0x18 c:/program files/microchip/xc16/v2.00/bin/bin/../../lib\libc99-pic30-elf.a(floatdisf.XX_o)
 .debug_aranges
                  0x0001c8         0x18 c:/program files/microchip/xc16/v2.00/bin/bin/../../lib\libc99-pic30-elf.a(floatundisf.XX_o)
 .debug_aranges
                  0x0001e0         0x18 c:/program files/microchip/xc16/v2.00/bin/bin/../../lib\libc99-pic30-elf.a(fpack.XX_o)
 .debug_aranges
                  0x0001f8         0x18 c:/program files/microchip/xc16/v2.00/bin/bin/../../lib\libc99-pic30-elf.a(funpack2.XX_o)
 .debug_aranges
                  0x000210         0x18 c:/program files/microchip/xc16/v2.00/bin/bin/../../lib\libc99-pic30-elf.a(funpack.XX_o)
 .debug_aranges
                  0x000228         0x18 c:/program files/microchip/xc16/v2.00/bin/bin/../../lib\libc99-pic30-elf.a(deqltle.XX_o)
 .debug_aranges
                  0x000240         0x18 c:/program files/microchip/xc16/v2.00/bin/bin/../../lib\libc99-pic30-elf.a(dgtge.XX_o)
 .debug_aranges
                  0x000258         0x18 c:/program files/microchip/xc16/v2.00/bin/bin/../../lib\libc99-pic30-elf.a(divsi3.XX_o)
 .debug_aranges
                  0x000270         0x18 c:/program files/microchip/xc16/v2.00/bin/bin/../../lib\libc99-pic30-elf.a(dne.XX_o)
 .debug_aranges
                  0x000288         0x18 c:/program files/microchip/xc16/v2.00/bin/bin/../../lib\libc99-pic30-elf.a(extendsfdf.XX_o)
 .debug_aranges
                  0x0002a0         0x18 c:/program files/microchip/xc16/v2.00/bin/bin/../../lib\libc99-pic30-elf.a(fixdfsi.XX_o)
 .debug_aranges
                  0x0002b8         0x18 c:/program files/microchip/xc16/v2.00/bin/bin/../../lib\libc99-pic30-elf.a(floatsidf.XX_o)
 .debug_aranges
                  0x0002d0         0x18 c:/program files/microchip/xc16/v2.00/bin/bin/../../lib\libc99-pic30-elf.a(floatunsidf.XX_o)
 .debug_aranges
                  0x0002e8         0x18 c:/program files/microchip/xc16/v2.00/bin/bin/../../lib\libc99-pic30-elf.a(truncdfsf.XX_o)
 .debug_aranges
                  0x000300         0x18 c:/program files/microchip/xc16/v2.00/bin/bin/../../lib\libc99-pic30-elf.a(udivsi3.XX_o)
 .debug_aranges
                  0x000318         0x18 c:/program files/microchip/xc16/v2.00/bin/bin/../../lib\libc99-pic30-elf.a(umodsi3.XX_o)
 .debug_aranges
                  0x000330         0x18 c:/program files/microchip/xc16/v2.00/bin/bin/../../lib\libc99-pic30-elf.a(mulsi3.XX_o)
 .debug_aranges
                  0x000348         0x18 c:/program files/microchip/xc16/v2.00/bin/bin/../../lib\libc99-pic30-elf.a(dpadd.XX_o)
 .debug_aranges
                  0x000360         0x18 c:/program files/microchip/xc16/v2.00/bin/bin/../../lib\libc99-pic30-elf.a(dpdiv.XX_o)
 .debug_aranges
                  0x000378         0x18 c:/program files/microchip/xc16/v2.00/bin/bin/../../lib\libc99-pic30-elf.a(dpmul.XX_o)
 .debug_aranges
                  0x000390         0x18 c:/program files/microchip/xc16/v2.00/bin/bin/../../lib\libc99-pic30-elf.a(dpsubs.XX_o)
 .debug_aranges
                  0x0003a8         0x18 c:/program files/microchip/xc16/v2.00/bin/bin/../../lib\libc99-pic30-elf.a(mulsf3x.XX_o)
 .debug_aranges
                  0x0003c0         0x18 c:/program files/microchip/xc16/v2.00/bin/bin/../../lib\libc99-pic30-elf.a(dnrmpackfx.XX_o)
 .debug_aranges
                  0x0003d8         0x18 c:/program files/microchip/xc16/v2.00/bin/bin/../../lib\libc99-pic30-elf.a(unpackdnrmfx.XX_o)
 .debug_aranges
                  0x0003f0         0x18 c:/program files/microchip/xc16/v2.00/bin/bin/../../lib\libc99-pic30-elf.a(propnanfx.XX_o)
 .debug_aranges
                  0x000408         0x18 c:/program files/microchip/xc16/v2.00/bin/bin/../../lib\libc99-pic30-elf.a(dcompare.XX_o)
 .debug_aranges
                  0x000420         0x18 c:/program files/microchip/xc16/v2.00/bin/bin/../../lib\libc99-pic30-elf.a(dtype.XX_o)
 .debug_aranges
                  0x000438         0x18 c:/program files/microchip/xc16/v2.00/bin/bin/../../lib\libc99-pic30-elf.a(dunpack.XX_o)
 .debug_aranges
                  0x000450         0x18 c:/program files/microchip/xc16/v2.00/bin/bin/../../lib\libc99-pic30-elf.a(dunpack2.XX_o)
 .debug_aranges
                  0x000468         0x18 c:/program files/microchip/xc16/v2.00/bin/bin/../../lib\libc99-pic30-elf.a(floatdidf.XX_o)
 .debug_aranges
                  0x000480         0x18 c:/program files/microchip/xc16/v2.00/bin/bin/../../lib\libc99-pic30-elf.a(floatundidf.XX_o)
 .debug_aranges
                  0x000498         0x18 c:/program files/microchip/xc16/v2.00/bin/bin/../../lib\libc99-pic30-elf.a(dpack.XX_o)
 .debug_aranges
                  0x0004b0         0x18 c:/program files/microchip/xc16/v2.00/bin/bin/../../lib\libc99-pic30-elf.a(dpropagateNaN.XX_o)
 .debug_aranges
                  0x0004c8         0x18 c:/program files/microchip/xc16/v2.00/bin/bin/../../lib\libc99-pic30-elf.a(umuldi3.XX_o)
                    0x0000                  WREG0 = 0x0
                    0x0000                  _WREG0 = 0x0
                    0x0002                  WREG1 = 0x2
                    0x0002                  _WREG1 = 0x2
                    0x0004                  WREG2 = 0x4
                    0x0004                  _WREG2 = 0x4
                    0x0006                  WREG3 = 0x6
                    0x0006                  _WREG3 = 0x6
                    0x0008                  WREG4 = 0x8
                    0x0008                  _WREG4 = 0x8
                    0x000a                  WREG5 = 0xa
                    0x000a                  _WREG5 = 0xa
                    0x000c                  WREG6 = 0xc
                    0x000c                  _WREG6 = 0xc
                    0x000e                  WREG7 = 0xe
                    0x000e                  _WREG7 = 0xe
                    0x0010                  WREG8 = 0x10
                    0x0010                  _WREG8 = 0x10
                    0x0012                  WREG9 = 0x12
                    0x0012                  _WREG9 = 0x12
                    0x0014                  WREG10 = 0x14
                    0x0014                  _WREG10 = 0x14
                    0x0016                  WREG11 = 0x16
                    0x0016                  _WREG11 = 0x16
                    0x0018                  WREG12 = 0x18
                    0x0018                  _WREG12 = 0x18
                    0x001a                  WREG13 = 0x1a
                    0x001a                  _WREG13 = 0x1a
                    0x001c                  WREG14 = 0x1c
                    0x001c                  _WREG14 = 0x1c
                    0x001e                  WREG15 = 0x1e
                    0x001e                  _WREG15 = 0x1e
                    0x0020                  SPLIM = 0x20
                    0x0020                  _SPLIM = 0x20
                    0x0022                  ACCAL = 0x22
                    0x0022                  _ACCAL = 0x22
                    0x0024                  ACCAH = 0x24
                    0x0024                  _ACCAH = 0x24
                    0x0026                  ACCAU = 0x26
                    0x0026                  _ACCAU = 0x26
                    0x0028                  ACCBL = 0x28
                    0x0028                  _ACCBL = 0x28
                    0x002a                  ACCBH = 0x2a
                    0x002a                  _ACCBH = 0x2a
                    0x002c                  ACCBU = 0x2c
                    0x002c                  _ACCBU = 0x2c
                    0x002e                  PCL = 0x2e
                    0x002e                  _PCL = 0x2e
                    0x0030                  PCH = 0x30
                    0x0030                  _PCH = 0x30
                    0x0032                  TBLPAG = 0x32
                    0x0032                  _TBLPAG = 0x32
                    0x0034                  PSVPAG = 0x34
                    0x0034                  _PSVPAG = 0x34
                    0x0036                  RCOUNT = 0x36
                    0x0036                  _RCOUNT = 0x36
                    0x0038                  DCOUNT = 0x38
                    0x0038                  _DCOUNT = 0x38
                    0x003a                  DOSTARTL = 0x3a
                    0x003a                  _DOSTARTL = 0x3a
                    0x003c                  DOSTARTH = 0x3c
                    0x003c                  _DOSTARTH = 0x3c
                    0x003e                  DOENDL = 0x3e
                    0x003e                  _DOENDL = 0x3e
                    0x0040                  DOENDH = 0x40
                    0x0040                  _DOENDH = 0x40
                    0x0042                  SR = 0x42
                    0x0042                  _SR = 0x42
                    0x0042                  _SRbits = 0x42
                    0x0044                  CORCON = 0x44
                    0x0044                  _CORCON = 0x44
                    0x0044                  _CORCONbits = 0x44
                    0x0046                  MODCON = 0x46
                    0x0046                  _MODCON = 0x46
                    0x0046                  _MODCONbits = 0x46
                    0x0048                  XMODSRT = 0x48
                    0x0048                  _XMODSRT = 0x48
                    0x004a                  XMODEND = 0x4a
                    0x004a                  _XMODEND = 0x4a
                    0x004c                  YMODSRT = 0x4c
                    0x004c                  _YMODSRT = 0x4c
                    0x004e                  YMODEND = 0x4e
                    0x004e                  _YMODEND = 0x4e
                    0x0050                  XBREV = 0x50
                    0x0050                  _XBREV = 0x50
                    0x0050                  _XBREVbits = 0x50
                    0x0052                  DISICNT = 0x52
                    0x0052                  _DISICNT = 0x52
                    0x0060                  CNEN1 = 0x60
                    0x0060                  _CNEN1 = 0x60
                    0x0060                  _CNEN1bits = 0x60
                    0x0062                  CNEN2 = 0x62
                    0x0062                  _CNEN2 = 0x62
                    0x0062                  _CNEN2bits = 0x62
                    0x0068                  CNPU1 = 0x68
                    0x0068                  _CNPU1 = 0x68
                    0x0068                  _CNPU1bits = 0x68
                    0x006a                  CNPU2 = 0x6a
                    0x006a                  _CNPU2 = 0x6a
                    0x006a                  _CNPU2bits = 0x6a
                    0x0080                  INTCON1 = 0x80
                    0x0080                  _INTCON1 = 0x80
                    0x0080                  _INTCON1bits = 0x80
                    0x0082                  INTCON2 = 0x82
                    0x0082                  _INTCON2 = 0x82
                    0x0082                  _INTCON2bits = 0x82
                    0x0084                  IFS0 = 0x84
                    0x0084                  _IFS0 = 0x84
                    0x0084                  _IFS0bits = 0x84
                    0x0086                  IFS1 = 0x86
                    0x0086                  _IFS1 = 0x86
                    0x0086                  _IFS1bits = 0x86
                    0x0088                  IFS2 = 0x88
                    0x0088                  _IFS2 = 0x88
                    0x0088                  _IFS2bits = 0x88
                    0x008a                  IFS3 = 0x8a
                    0x008a                  _IFS3 = 0x8a
                    0x008a                  _IFS3bits = 0x8a
                    0x008c                  IFS4 = 0x8c
                    0x008c                  _IFS4 = 0x8c
                    0x008c                  _IFS4bits = 0x8c
                    0x0094                  IEC0 = 0x94
                    0x0094                  _IEC0 = 0x94
                    0x0094                  _IEC0bits = 0x94
                    0x0096                  IEC1 = 0x96
                    0x0096                  _IEC1 = 0x96
                    0x0096                  _IEC1bits = 0x96
                    0x0098                  IEC2 = 0x98
                    0x0098                  _IEC2 = 0x98
                    0x0098                  _IEC2bits = 0x98
                    0x009a                  IEC3 = 0x9a
                    0x009a                  _IEC3 = 0x9a
                    0x009a                  _IEC3bits = 0x9a
                    0x009c                  IEC4 = 0x9c
                    0x009c                  _IEC4 = 0x9c
                    0x009c                  _IEC4bits = 0x9c
                    0x00a4                  IPC0 = 0xa4
                    0x00a4                  _IPC0 = 0xa4
                    0x00a4                  _IPC0bits = 0xa4
                    0x00a6                  IPC1 = 0xa6
                    0x00a6                  _IPC1 = 0xa6
                    0x00a6                  _IPC1bits = 0xa6
                    0x00a8                  IPC2 = 0xa8
                    0x00a8                  _IPC2 = 0xa8
                    0x00a8                  _IPC2bits = 0xa8
                    0x00aa                  IPC3 = 0xaa
                    0x00aa                  _IPC3 = 0xaa
                    0x00aa                  _IPC3bits = 0xaa
                    0x00ac                  IPC4 = 0xac
                    0x00ac                  _IPC4 = 0xac
                    0x00ac                  _IPC4bits = 0xac
                    0x00ae                  IPC5 = 0xae
                    0x00ae                  _IPC5 = 0xae
                    0x00ae                  _IPC5bits = 0xae
                    0x00b0                  IPC6 = 0xb0
                    0x00b0                  _IPC6 = 0xb0
                    0x00b0                  _IPC6bits = 0xb0
                    0x00b2                  IPC7 = 0xb2
                    0x00b2                  _IPC7 = 0xb2
                    0x00b2                  _IPC7bits = 0xb2
                    0x00b4                  IPC8 = 0xb4
                    0x00b4                  _IPC8 = 0xb4
                    0x00b4                  _IPC8bits = 0xb4
                    0x00b6                  IPC9 = 0xb6
                    0x00b6                  _IPC9 = 0xb6
                    0x00b6                  _IPC9bits = 0xb6
                    0x00ba                  IPC11 = 0xba
                    0x00ba                  _IPC11 = 0xba
                    0x00ba                  _IPC11bits = 0xba
                    0x00c0                  IPC14 = 0xc0
                    0x00c0                  _IPC14 = 0xc0
                    0x00c0                  _IPC14bits = 0xc0
                    0x00c2                  IPC15 = 0xc2
                    0x00c2                  _IPC15 = 0xc2
                    0x00c2                  _IPC15bits = 0xc2
                    0x00c4                  IPC16 = 0xc4
                    0x00c4                  _IPC16 = 0xc4
                    0x00c4                  _IPC16bits = 0xc4
                    0x00c6                  IPC17 = 0xc6
                    0x00c6                  _IPC17 = 0xc6
                    0x00c6                  _IPC17bits = 0xc6
                    0x00ca                  IPC19 = 0xca
                    0x00ca                  _IPC19 = 0xca
                    0x00ca                  _IPC19bits = 0xca
                    0x00e0                  INTTREG = 0xe0
                    0x00e0                  _INTTREG = 0xe0
                    0x00e0                  _INTTREGbits = 0xe0
                    0x0100                  TMR1 = 0x100
                    0x0100                  _TMR1 = 0x100
                    0x0102                  PR1 = 0x102
                    0x0102                  _PR1 = 0x102
                    0x0104                  T1CON = 0x104
                    0x0104                  _T1CON = 0x104
                    0x0104                  _T1CONbits = 0x104
                    0x0106                  TMR2 = 0x106
                    0x0106                  _TMR2 = 0x106
                    0x0108                  TMR3HLD = 0x108
                    0x0108                  _TMR3HLD = 0x108
                    0x010a                  TMR3 = 0x10a
                    0x010a                  _TMR3 = 0x10a
                    0x010c                  PR2 = 0x10c
                    0x010c                  _PR2 = 0x10c
                    0x010e                  PR3 = 0x10e
                    0x010e                  _PR3 = 0x10e
                    0x0110                  T2CON = 0x110
                    0x0110                  _T2CON = 0x110
                    0x0110                  _T2CONbits = 0x110
                    0x0112                  T3CON = 0x112
                    0x0112                  _T3CON = 0x112
                    0x0112                  _T3CONbits = 0x112
                    0x0114                  TMR4 = 0x114
                    0x0114                  _TMR4 = 0x114
                    0x0116                  TMR5HLD = 0x116
                    0x0116                  _TMR5HLD = 0x116
                    0x0118                  TMR5 = 0x118
                    0x0118                  _TMR5 = 0x118
                    0x011a                  PR4 = 0x11a
                    0x011a                  _PR4 = 0x11a
                    0x011c                  PR5 = 0x11c
                    0x011c                  _PR5 = 0x11c
                    0x011e                  T4CON = 0x11e
                    0x011e                  _T4CON = 0x11e
                    0x011e                  _T4CONbits = 0x11e
                    0x0120                  T5CON = 0x120
                    0x0120                  _T5CON = 0x120
                    0x0120                  _T5CONbits = 0x120
                    0x0140                  IC1BUF = 0x140
                    0x0140                  _IC1BUF = 0x140
                    0x0142                  IC1CON = 0x142
                    0x0142                  _IC1CON = 0x142
                    0x0142                  _IC1CONbits = 0x142
                    0x0144                  IC2BUF = 0x144
                    0x0144                  _IC2BUF = 0x144
                    0x0146                  IC2CON = 0x146
                    0x0146                  _IC2CON = 0x146
                    0x0146                  _IC2CONbits = 0x146
                    0x0158                  IC7BUF = 0x158
                    0x0158                  _IC7BUF = 0x158
                    0x015a                  IC7CON = 0x15a
                    0x015a                  _IC7CON = 0x15a
                    0x015a                  _IC7CONbits = 0x15a
                    0x015c                  IC8BUF = 0x15c
                    0x015c                  _IC8BUF = 0x15c
                    0x015e                  IC8CON = 0x15e
                    0x015e                  _IC8CON = 0x15e
                    0x015e                  _IC8CONbits = 0x15e
                    0x0180                  OC1RS = 0x180
                    0x0180                  _OC1RS = 0x180
                    0x0182                  OC1R = 0x182
                    0x0182                  _OC1R = 0x182
                    0x0184                  OC1CON = 0x184
                    0x0184                  _OC1CON = 0x184
                    0x0184                  _OC1CONbits = 0x184
                    0x0186                  OC2RS = 0x186
                    0x0186                  _OC2RS = 0x186
                    0x0188                  OC2R = 0x188
                    0x0188                  _OC2R = 0x188
                    0x018a                  OC2CON = 0x18a
                    0x018a                  _OC2CON = 0x18a
                    0x018a                  _OC2CONbits = 0x18a
                    0x018c                  OC3RS = 0x18c
                    0x018c                  _OC3RS = 0x18c
                    0x018e                  OC3R = 0x18e
                    0x018e                  _OC3R = 0x18e
                    0x0190                  OC3CON = 0x190
                    0x0190                  _OC3CON = 0x190
                    0x0190                  _OC3CONbits = 0x190
                    0x0192                  OC4RS = 0x192
                    0x0192                  _OC4RS = 0x192
                    0x0194                  OC4R = 0x194
                    0x0194                  _OC4R = 0x194
                    0x0196                  OC4CON = 0x196
                    0x0196                  _OC4CON = 0x196
                    0x0196                  _OC4CONbits = 0x196
                    0x0200                  I2C1RCV = 0x200
                    0x0200                  _I2C1RCV = 0x200
                    0x0200                  I2CRCV = 0x200
                    0x0200                  _I2CRCV = 0x200
                    0x0202                  I2C1TRN = 0x202
                    0x0202                  _I2C1TRN = 0x202
                    0x0202                  I2CTRN = 0x202
                    0x0202                  _I2CTRN = 0x202
                    0x0204                  I2C1BRG = 0x204
                    0x0204                  _I2C1BRG = 0x204
                    0x0206                  I2C1CON = 0x206
                    0x0206                  _I2C1CON = 0x206
                    0x0206                  _I2C1CONbits = 0x206
                    0x0206                  I2CCON = 0x206
                    0x0206                  _I2CCON = 0x206
                    0x0206                  _I2CCONbits = 0x206
                    0x0208                  I2C1STAT = 0x208
                    0x0208                  _I2C1STAT = 0x208
                    0x0208                  _I2C1STATbits = 0x208
                    0x0208                  I2CSTAT = 0x208
                    0x0208                  _I2CSTAT = 0x208
                    0x0208                  _I2CSTATbits = 0x208
                    0x020a                  I2C1ADD = 0x20a
                    0x020a                  _I2C1ADD = 0x20a
                    0x020a                  I2CADD = 0x20a
                    0x020a                  _I2CADD = 0x20a
                    0x020c                  I2C1MSK = 0x20c
                    0x020c                  _I2C1MSK = 0x20c
                    0x0220                  U1MODE = 0x220
                    0x0220                  _U1MODE = 0x220
                    0x0220                  _U1MODEbits = 0x220
                    0x0222                  U1STA = 0x222
                    0x0222                  _U1STA = 0x222
                    0x0222                  _U1STAbits = 0x222
                    0x0224                  U1TXREG = 0x224
                    0x0224                  _U1TXREG = 0x224
                    0x0224                  _U1TXREGbits = 0x224
                    0x0226                  U1RXREG = 0x226
                    0x0226                  _U1RXREG = 0x226
                    0x0226                  _U1RXREGbits = 0x226
                    0x0228                  U1BRG = 0x228
                    0x0228                  _U1BRG = 0x228
                    0x0230                  U2MODE = 0x230
                    0x0230                  _U2MODE = 0x230
                    0x0230                  _U2MODEbits = 0x230
                    0x0232                  U2STA = 0x232
                    0x0232                  _U2STA = 0x232
                    0x0232                  _U2STAbits = 0x232
                    0x0234                  U2TXREG = 0x234
                    0x0234                  _U2TXREG = 0x234
                    0x0234                  _U2TXREGbits = 0x234
                    0x0236                  U2RXREG = 0x236
                    0x0236                  _U2RXREG = 0x236
                    0x0236                  _U2RXREGbits = 0x236
                    0x0238                  U2BRG = 0x238
                    0x0238                  _U2BRG = 0x238
                    0x0240                  SPI1STAT = 0x240
                    0x0240                  _SPI1STAT = 0x240
                    0x0240                  _SPI1STATbits = 0x240
                    0x0242                  SPI1CON1 = 0x242
                    0x0242                  _SPI1CON1 = 0x242
                    0x0242                  _SPI1CON1bits = 0x242
                    0x0244                  SPI1CON2 = 0x244
                    0x0244                  _SPI1CON2 = 0x244
                    0x0244                  _SPI1CON2bits = 0x244
                    0x0248                  SPI1BUF = 0x248
                    0x0248                  _SPI1BUF = 0x248
                    0x0260                  SPI2STAT = 0x260
                    0x0260                  _SPI2STAT = 0x260
                    0x0260                  _SPI2STATbits = 0x260
                    0x0262                  SPI2CON1 = 0x262
                    0x0262                  _SPI2CON1 = 0x262
                    0x0262                  _SPI2CON1bits = 0x262
                    0x0264                  SPI2CON2 = 0x264
                    0x0264                  _SPI2CON2 = 0x264
                    0x0264                  _SPI2CON2bits = 0x264
                    0x0268                  SPI2BUF = 0x268
                    0x0268                  _SPI2BUF = 0x268
                    0x0280                  DCICON1 = 0x280
                    0x0280                  _DCICON1 = 0x280
                    0x0280                  _DCICON1bits = 0x280
                    0x0282                  DCICON2 = 0x282
                    0x0282                  _DCICON2 = 0x282
                    0x0282                  _DCICON2bits = 0x282
                    0x0284                  DCICON3 = 0x284
                    0x0284                  _DCICON3 = 0x284
                    0x0284                  _DCICON3bits = 0x284
                    0x0286                  DCISTAT = 0x286
                    0x0286                  _DCISTAT = 0x286
                    0x0286                  _DCISTATbits = 0x286
                    0x0288                  TSCON = 0x288
                    0x0288                  _TSCON = 0x288
                    0x0288                  _TSCONbits = 0x288
                    0x028c                  RSCON = 0x28c
                    0x028c                  _RSCON = 0x28c
                    0x028c                  _RSCONbits = 0x28c
                    0x0290                  RXBUF0 = 0x290
                    0x0290                  _RXBUF0 = 0x290
                    0x0292                  RXBUF1 = 0x292
                    0x0292                  _RXBUF1 = 0x292
                    0x0294                  RXBUF2 = 0x294
                    0x0294                  _RXBUF2 = 0x294
                    0x0296                  RXBUF3 = 0x296
                    0x0296                  _RXBUF3 = 0x296
                    0x0298                  TXBUF0 = 0x298
                    0x0298                  _TXBUF0 = 0x298
                    0x029a                  TXBUF1 = 0x29a
                    0x029a                  _TXBUF1 = 0x29a
                    0x029c                  TXBUF2 = 0x29c
                    0x029c                  _TXBUF2 = 0x29c
                    0x029e                  TXBUF3 = 0x29e
                    0x029e                  _TXBUF3 = 0x29e
                    0x02c0                  TRISA = 0x2c0
                    0x02c0                  _TRISA = 0x2c0
                    0x02c0                  _TRISAbits = 0x2c0
                    0x02c2                  PORTA = 0x2c2
                    0x02c2                  _PORTA = 0x2c2
                    0x02c2                  _PORTAbits = 0x2c2
                    0x02c4                  LATA = 0x2c4
                    0x02c4                  _LATA = 0x2c4
                    0x02c4                  _LATAbits = 0x2c4
                    0x02c6                  ODCA = 0x2c6
                    0x02c6                  _ODCA = 0x2c6
                    0x02c6                  _ODCAbits = 0x2c6
                    0x02c8                  TRISB = 0x2c8
                    0x02c8                  _TRISB = 0x2c8
                    0x02c8                  _TRISBbits = 0x2c8
                    0x02ca                  PORTB = 0x2ca
                    0x02ca                  _PORTB = 0x2ca
                    0x02ca                  _PORTBbits = 0x2ca
                    0x02cc                  LATB = 0x2cc
                    0x02cc                  _LATB = 0x2cc
                    0x02cc                  _LATBbits = 0x2cc
                    0x02ce                  ODCB = 0x2ce
                    0x02ce                  _ODCB = 0x2ce
                    0x02ce                  _ODCBbits = 0x2ce
                    0x02fc                  PADCFG1 = 0x2fc
                    0x02fc                  _PADCFG1 = 0x2fc
                    0x02fc                  _PADCFG1bits = 0x2fc
                    0x0300                  ADC1BUF0 = 0x300
                    0x0300                  _ADC1BUF0 = 0x300
                    0x0300                  ADCBUF0 = 0x300
                    0x0300                  _ADCBUF0 = 0x300
                    0x0320                  AD1CON1 = 0x320
                    0x0320                  _AD1CON1 = 0x320
                    0x0320                  _AD1CON1bits = 0x320
                    0x0322                  AD1CON2 = 0x322
                    0x0322                  _AD1CON2 = 0x322
                    0x0322                  _AD1CON2bits = 0x322
                    0x0324                  AD1CON3 = 0x324
                    0x0324                  _AD1CON3 = 0x324
                    0x0324                  _AD1CON3bits = 0x324
                    0x0326                  AD1CHS123 = 0x326
                    0x0326                  _AD1CHS123 = 0x326
                    0x0326                  _AD1CHS123bits = 0x326
                    0x0328                  AD1CHS0 = 0x328
                    0x0328                  _AD1CHS0 = 0x328
                    0x0328                  _AD1CHS0bits = 0x328
                    0x032c                  AD1PCFGL = 0x32c
                    0x032c                  _AD1PCFGL = 0x32c
                    0x032c                  _AD1PCFGLbits = 0x32c
                    0x032c                  ADPCFG = 0x32c
                    0x032c                  _ADPCFG = 0x32c
                    0x032c                  _ADPCFGbits = 0x32c
                    0x0330                  AD1CSSL = 0x330
                    0x0330                  _AD1CSSL = 0x330
                    0x0330                  _AD1CSSLbits = 0x330
                    0x0332                  AD1CON4 = 0x332
                    0x0332                  _AD1CON4 = 0x332
                    0x0332                  _AD1CON4bits = 0x332
                    0x0380                  DMA0CON = 0x380
                    0x0380                  _DMA0CON = 0x380
                    0x0380                  _DMA0CONbits = 0x380
                    0x0382                  DMA0REQ = 0x382
                    0x0382                  _DMA0REQ = 0x382
                    0x0382                  _DMA0REQbits = 0x382
                    0x0384                  DMA0STA = 0x384
                    0x0384                  _DMA0STA = 0x384
                    0x0386                  DMA0STB = 0x386
                    0x0386                  _DMA0STB = 0x386
                    0x0388                  DMA0PAD = 0x388
                    0x0388                  _DMA0PAD = 0x388
                    0x038a                  DMA0CNT = 0x38a
                    0x038a                  _DMA0CNT = 0x38a
                    0x038c                  DMA1CON = 0x38c
                    0x038c                  _DMA1CON = 0x38c
                    0x038c                  _DMA1CONbits = 0x38c
                    0x038e                  DMA1REQ = 0x38e
                    0x038e                  _DMA1REQ = 0x38e
                    0x038e                  _DMA1REQbits = 0x38e
                    0x0390                  DMA1STA = 0x390
                    0x0390                  _DMA1STA = 0x390
                    0x0392                  DMA1STB = 0x392
                    0x0392                  _DMA1STB = 0x392
                    0x0394                  DMA1PAD = 0x394
                    0x0394                  _DMA1PAD = 0x394
                    0x0396                  DMA1CNT = 0x396
                    0x0396                  _DMA1CNT = 0x396
                    0x0398                  DMA2CON = 0x398
                    0x0398                  _DMA2CON = 0x398
                    0x0398                  _DMA2CONbits = 0x398
                    0x039a                  DMA2REQ = 0x39a
                    0x039a                  _DMA2REQ = 0x39a
                    0x039a                  _DMA2REQbits = 0x39a
                    0x039c                  DMA2STA = 0x39c
                    0x039c                  _DMA2STA = 0x39c
                    0x039e                  DMA2STB = 0x39e
                    0x039e                  _DMA2STB = 0x39e
                    0x03a0                  DMA2PAD = 0x3a0
                    0x03a0                  _DMA2PAD = 0x3a0
                    0x03a2                  DMA2CNT = 0x3a2
                    0x03a2                  _DMA2CNT = 0x3a2
                    0x03a4                  DMA3CON = 0x3a4
                    0x03a4                  _DMA3CON = 0x3a4
                    0x03a4                  _DMA3CONbits = 0x3a4
                    0x03a6                  DMA3REQ = 0x3a6
                    0x03a6                  _DMA3REQ = 0x3a6
                    0x03a6                  _DMA3REQbits = 0x3a6
                    0x03a8                  DMA3STA = 0x3a8
                    0x03a8                  _DMA3STA = 0x3a8
                    0x03aa                  DMA3STB = 0x3aa
                    0x03aa                  _DMA3STB = 0x3aa
                    0x03ac                  DMA3PAD = 0x3ac
                    0x03ac                  _DMA3PAD = 0x3ac
                    0x03ae                  DMA3CNT = 0x3ae
                    0x03ae                  _DMA3CNT = 0x3ae
                    0x03b0                  DMA4CON = 0x3b0
                    0x03b0                  _DMA4CON = 0x3b0
                    0x03b0                  _DMA4CONbits = 0x3b0
                    0x03b2                  DMA4REQ = 0x3b2
                    0x03b2                  _DMA4REQ = 0x3b2
                    0x03b2                  _DMA4REQbits = 0x3b2
                    0x03b4                  DMA4STA = 0x3b4
                    0x03b4                  _DMA4STA = 0x3b4
                    0x03b6                  DMA4STB = 0x3b6
                    0x03b6                  _DMA4STB = 0x3b6
                    0x03b8                  DMA4PAD = 0x3b8
                    0x03b8                  _DMA4PAD = 0x3b8
                    0x03ba                  DMA4CNT = 0x3ba
                    0x03ba                  _DMA4CNT = 0x3ba
                    0x03bc                  DMA5CON = 0x3bc
                    0x03bc                  _DMA5CON = 0x3bc
                    0x03bc                  _DMA5CONbits = 0x3bc
                    0x03be                  DMA5REQ = 0x3be
                    0x03be                  _DMA5REQ = 0x3be
                    0x03be                  _DMA5REQbits = 0x3be
                    0x03c0                  DMA5STA = 0x3c0
                    0x03c0                  _DMA5STA = 0x3c0
                    0x03c2                  DMA5STB = 0x3c2
                    0x03c2                  _DMA5STB = 0x3c2
                    0x03c4                  DMA5PAD = 0x3c4
                    0x03c4                  _DMA5PAD = 0x3c4
                    0x03c6                  DMA5CNT = 0x3c6
                    0x03c6                  _DMA5CNT = 0x3c6
                    0x03c8                  DMA6CON = 0x3c8
                    0x03c8                  _DMA6CON = 0x3c8
                    0x03c8                  _DMA6CONbits = 0x3c8
                    0x03ca                  DMA6REQ = 0x3ca
                    0x03ca                  _DMA6REQ = 0x3ca
                    0x03ca                  _DMA6REQbits = 0x3ca
                    0x03cc                  DMA6STA = 0x3cc
                    0x03cc                  _DMA6STA = 0x3cc
                    0x03ce                  DMA6STB = 0x3ce
                    0x03ce                  _DMA6STB = 0x3ce
                    0x03d0                  DMA6PAD = 0x3d0
                    0x03d0                  _DMA6PAD = 0x3d0
                    0x03d2                  DMA6CNT = 0x3d2
                    0x03d2                  _DMA6CNT = 0x3d2
                    0x03d4                  DMA7CON = 0x3d4
                    0x03d4                  _DMA7CON = 0x3d4
                    0x03d4                  _DMA7CONbits = 0x3d4
                    0x03d6                  DMA7REQ = 0x3d6
                    0x03d6                  _DMA7REQ = 0x3d6
                    0x03d6                  _DMA7REQbits = 0x3d6
                    0x03d8                  DMA7STA = 0x3d8
                    0x03d8                  _DMA7STA = 0x3d8
                    0x03da                  DMA7STB = 0x3da
                    0x03da                  _DMA7STB = 0x3da
                    0x03dc                  DMA7PAD = 0x3dc
                    0x03dc                  _DMA7PAD = 0x3dc
                    0x03de                  DMA7CNT = 0x3de
                    0x03de                  _DMA7CNT = 0x3de
                    0x03e0                  DMACS0 = 0x3e0
                    0x03e0                  _DMACS0 = 0x3e0
                    0x03e0                  _DMACS0bits = 0x3e0
                    0x03e2                  DMACS1 = 0x3e2
                    0x03e2                  _DMACS1 = 0x3e2
                    0x03e2                  _DMACS1bits = 0x3e2
                    0x03e4                  DSADR = 0x3e4
                    0x03e4                  _DSADR = 0x3e4
                    0x03f0                  DAC1CON = 0x3f0
                    0x03f0                  _DAC1CON = 0x3f0
                    0x03f0                  _DAC1CONbits = 0x3f0
                    0x03f2                  DAC1STAT = 0x3f2
                    0x03f2                  _DAC1STAT = 0x3f2
                    0x03f2                  _DAC1STATbits = 0x3f2
                    0x03f4                  DAC1DFLT = 0x3f4
                    0x03f4                  _DAC1DFLT = 0x3f4
                    0x03f6                  DAC1RDAT = 0x3f6
                    0x03f6                  _DAC1RDAT = 0x3f6
                    0x03f8                  DAC1LDAT = 0x3f8
                    0x03f8                  _DAC1LDAT = 0x3f8
                    0x0400                  C1CTRL1 = 0x400
                    0x0400                  _C1CTRL1 = 0x400
                    0x0400                  _C1CTRL1bits = 0x400
                    0x0402                  C1CTRL2 = 0x402
                    0x0402                  _C1CTRL2 = 0x402
                    0x0402                  _C1CTRL2bits = 0x402
                    0x0404                  C1VEC = 0x404
                    0x0404                  _C1VEC = 0x404
                    0x0404                  _C1VECbits = 0x404
                    0x0406                  C1FCTRL = 0x406
                    0x0406                  _C1FCTRL = 0x406
                    0x0406                  _C1FCTRLbits = 0x406
                    0x0408                  C1FIFO = 0x408
                    0x0408                  _C1FIFO = 0x408
                    0x0408                  _C1FIFObits = 0x408
                    0x040a                  C1INTF = 0x40a
                    0x040a                  _C1INTF = 0x40a
                    0x040a                  _C1INTFbits = 0x40a
                    0x040c                  C1INTE = 0x40c
                    0x040c                  _C1INTE = 0x40c
                    0x040c                  _C1INTEbits = 0x40c
                    0x040e                  C1EC = 0x40e
                    0x040e                  _C1EC = 0x40e
                    0x040e                  _C1ECbits = 0x40e
                    0x040e                  C1RERRCNT = 0x40e
                    0x040e                  _C1RERRCNT = 0x40e
                    0x040f                  C1TERRCNT = 0x40f
                    0x040f                  _C1TERRCNT = 0x40f
                    0x0410                  C1CFG1 = 0x410
                    0x0410                  _C1CFG1 = 0x410
                    0x0410                  _C1CFG1bits = 0x410
                    0x0412                  C1CFG2 = 0x412
                    0x0412                  _C1CFG2 = 0x412
                    0x0412                  _C1CFG2bits = 0x412
                    0x0414                  C1FEN1 = 0x414
                    0x0414                  _C1FEN1 = 0x414
                    0x0414                  _C1FEN1bits = 0x414
                    0x0418                  C1FMSKSEL1 = 0x418
                    0x0418                  _C1FMSKSEL1 = 0x418
                    0x0418                  _C1FMSKSEL1bits = 0x418
                    0x041a                  C1FMSKSEL2 = 0x41a
                    0x041a                  _C1FMSKSEL2 = 0x41a
                    0x041a                  _C1FMSKSEL2bits = 0x41a
                    0x0420                  C1BUFPNT1 = 0x420
                    0x0420                  _C1BUFPNT1 = 0x420
                    0x0420                  _C1BUFPNT1bits = 0x420
                    0x0420                  C1RXFUL1 = 0x420
                    0x0420                  _C1RXFUL1 = 0x420
                    0x0420                  _C1RXFUL1bits = 0x420
                    0x0422                  C1BUFPNT2 = 0x422
                    0x0422                  _C1BUFPNT2 = 0x422
                    0x0422                  _C1BUFPNT2bits = 0x422
                    0x0422                  C1RXFUL2 = 0x422
                    0x0422                  _C1RXFUL2 = 0x422
                    0x0422                  _C1RXFUL2bits = 0x422
                    0x0424                  C1BUFPNT3 = 0x424
                    0x0424                  _C1BUFPNT3 = 0x424
                    0x0424                  _C1BUFPNT3bits = 0x424
                    0x0426                  C1BUFPNT4 = 0x426
                    0x0426                  _C1BUFPNT4 = 0x426
                    0x0426                  _C1BUFPNT4bits = 0x426
                    0x0428                  C1RXOVF1 = 0x428
                    0x0428                  _C1RXOVF1 = 0x428
                    0x0428                  _C1RXOVF1bits = 0x428
                    0x042a                  C1RXOVF2 = 0x42a
                    0x042a                  _C1RXOVF2 = 0x42a